Archive member included to satisfy reference by file (symbol)

/Applications/Ac6/SystemWorkbench.app/Contents/Eclipse/plugins/fr.ac6.mcu.externaltools.arm-none.macos64_1.13.1.201703061524/tools/compiler/bin/../lib/gcc/arm-none-eabi/5.4.1/../../../../arm-none-eabi/lib/armv7e-m/fpu/fpv5-d16/libc_nano.a(lib_a-errno.o)
                              Src/syscalls.o (__errno)
/Applications/Ac6/SystemWorkbench.app/Contents/Eclipse/plugins/fr.ac6.mcu.externaltools.arm-none.macos64_1.13.1.201703061524/tools/compiler/bin/../lib/gcc/arm-none-eabi/5.4.1/../../../../arm-none-eabi/lib/armv7e-m/fpu/fpv5-d16/libc_nano.a(lib_a-exit.o)
                              /Applications/Ac6/SystemWorkbench.app/Contents/Eclipse/plugins/fr.ac6.mcu.externaltools.arm-none.macos64_1.13.1.201703061524/tools/compiler/bin/../lib/gcc/arm-none-eabi/5.4.1/../../../../arm-none-eabi/lib/armv7e-m/fpu/fpv5-d16/crt0.o (exit)
/Applications/Ac6/SystemWorkbench.app/Contents/Eclipse/plugins/fr.ac6.mcu.externaltools.arm-none.macos64_1.13.1.201703061524/tools/compiler/bin/../lib/gcc/arm-none-eabi/5.4.1/../../../../arm-none-eabi/lib/armv7e-m/fpu/fpv5-d16/libc_nano.a(lib_a-impure.o)
                              /Applications/Ac6/SystemWorkbench.app/Contents/Eclipse/plugins/fr.ac6.mcu.externaltools.arm-none.macos64_1.13.1.201703061524/tools/compiler/bin/../lib/gcc/arm-none-eabi/5.4.1/../../../../arm-none-eabi/lib/armv7e-m/fpu/fpv5-d16/libc_nano.a(lib_a-exit.o) (_global_impure_ptr)
/Applications/Ac6/SystemWorkbench.app/Contents/Eclipse/plugins/fr.ac6.mcu.externaltools.arm-none.macos64_1.13.1.201703061524/tools/compiler/bin/../lib/gcc/arm-none-eabi/5.4.1/../../../../arm-none-eabi/lib/armv7e-m/fpu/fpv5-d16/libc_nano.a(lib_a-init.o)
                              /Applications/Ac6/SystemWorkbench.app/Contents/Eclipse/plugins/fr.ac6.mcu.externaltools.arm-none.macos64_1.13.1.201703061524/tools/compiler/bin/../lib/gcc/arm-none-eabi/5.4.1/../../../../arm-none-eabi/lib/armv7e-m/fpu/fpv5-d16/crt0.o (__libc_init_array)
/Applications/Ac6/SystemWorkbench.app/Contents/Eclipse/plugins/fr.ac6.mcu.externaltools.arm-none.macos64_1.13.1.201703061524/tools/compiler/bin/../lib/gcc/arm-none-eabi/5.4.1/../../../../arm-none-eabi/lib/armv7e-m/fpu/fpv5-d16/libc_nano.a(lib_a-malloc.o)
                              Src/main.o (malloc)
/Applications/Ac6/SystemWorkbench.app/Contents/Eclipse/plugins/fr.ac6.mcu.externaltools.arm-none.macos64_1.13.1.201703061524/tools/compiler/bin/../lib/gcc/arm-none-eabi/5.4.1/../../../../arm-none-eabi/lib/armv7e-m/fpu/fpv5-d16/libc_nano.a(lib_a-memset.o)
                              /Applications/Ac6/SystemWorkbench.app/Contents/Eclipse/plugins/fr.ac6.mcu.externaltools.arm-none.macos64_1.13.1.201703061524/tools/compiler/bin/../lib/gcc/arm-none-eabi/5.4.1/../../../../arm-none-eabi/lib/armv7e-m/fpu/fpv5-d16/crt0.o (memset)
/Applications/Ac6/SystemWorkbench.app/Contents/Eclipse/plugins/fr.ac6.mcu.externaltools.arm-none.macos64_1.13.1.201703061524/tools/compiler/bin/../lib/gcc/arm-none-eabi/5.4.1/../../../../arm-none-eabi/lib/armv7e-m/fpu/fpv5-d16/libc_nano.a(lib_a-nano-freer.o)
                              /Applications/Ac6/SystemWorkbench.app/Contents/Eclipse/plugins/fr.ac6.mcu.externaltools.arm-none.macos64_1.13.1.201703061524/tools/compiler/bin/../lib/gcc/arm-none-eabi/5.4.1/../../../../arm-none-eabi/lib/armv7e-m/fpu/fpv5-d16/libc_nano.a(lib_a-malloc.o) (_free_r)
/Applications/Ac6/SystemWorkbench.app/Contents/Eclipse/plugins/fr.ac6.mcu.externaltools.arm-none.macos64_1.13.1.201703061524/tools/compiler/bin/../lib/gcc/arm-none-eabi/5.4.1/../../../../arm-none-eabi/lib/armv7e-m/fpu/fpv5-d16/libc_nano.a(lib_a-nano-mallocr.o)
                              /Applications/Ac6/SystemWorkbench.app/Contents/Eclipse/plugins/fr.ac6.mcu.externaltools.arm-none.macos64_1.13.1.201703061524/tools/compiler/bin/../lib/gcc/arm-none-eabi/5.4.1/../../../../arm-none-eabi/lib/armv7e-m/fpu/fpv5-d16/libc_nano.a(lib_a-malloc.o) (_malloc_r)
/Applications/Ac6/SystemWorkbench.app/Contents/Eclipse/plugins/fr.ac6.mcu.externaltools.arm-none.macos64_1.13.1.201703061524/tools/compiler/bin/../lib/gcc/arm-none-eabi/5.4.1/../../../../arm-none-eabi/lib/armv7e-m/fpu/fpv5-d16/libc_nano.a(lib_a-printf.o)
                              Src/main.o (printf)
/Applications/Ac6/SystemWorkbench.app/Contents/Eclipse/plugins/fr.ac6.mcu.externaltools.arm-none.macos64_1.13.1.201703061524/tools/compiler/bin/../lib/gcc/arm-none-eabi/5.4.1/../../../../arm-none-eabi/lib/armv7e-m/fpu/fpv5-d16/libc_nano.a(lib_a-puts.o)
                              Src/main.o (puts)
/Applications/Ac6/SystemWorkbench.app/Contents/Eclipse/plugins/fr.ac6.mcu.externaltools.arm-none.macos64_1.13.1.201703061524/tools/compiler/bin/../lib/gcc/arm-none-eabi/5.4.1/../../../../arm-none-eabi/lib/armv7e-m/fpu/fpv5-d16/libc_nano.a(lib_a-sbrkr.o)
[...]
Memory Configuration

Name             Origin             Length             Attributes
RAM              0x0000000020000000 0x0000000000080000 xrw
FLASH            0x0000000008000000 0x0000000000200000 xr
*default*        0x0000000000000000 0xffffffffffffffff

Linker script and memory map

LOAD /Applications/Ac6/SystemWorkbench.app/Contents/Eclipse/plugins/fr.ac6.mcu.externaltools.arm-none.macos64_1.13.1.201703061524/tools/compiler/bin/../lib/gcc/arm-none-eabi/5.4.1/armv7e-m/fpu/fpv5-d16/crti.o
LOAD /Applications/Ac6/SystemWorkbench.app/Contents/Eclipse/plugins/fr.ac6.mcu.externaltools.arm-none.macos64_1.13.1.201703061524/tools/compiler/bin/../lib/gcc/arm-none-eabi/5.4.1/armv7e-m/fpu/fpv5-d16/crtbegin.o
LOAD /Applications/Ac6/SystemWorkbench.app/Contents/Eclipse/plugins/fr.ac6.mcu.externaltools.arm-none.macos64_1.13.1.201703061524/tools/compiler/bin/../lib/gcc/arm-none-eabi/5.4.1/../../../../arm-none-eabi/lib/armv7e-m/fpu/fpv5-d16/crt0.o
LOAD /Applications/Ac6/SystemWorkbench.app/Contents/Eclipse/plugins/fr.ac6.mcu.externaltools.arm-none.macos64_1.13.1.201703061524/tools/compiler/bin/../lib/gcc/arm-none-eabi/5.4.1/../../../../arm-none-eabi/lib/armv7e-m/fpu/fpv5-d16/libm.a
LOAD Drivers/BSP/STM32F769I-Discovery/stm32f769i_discovery.o
LOAD Drivers/BSP/STM32F769I-Discovery/stm32f769i_discovery_qspi.o
LOAD Drivers/BSP/STM32F769I-Discovery/stm32f769i_discovery_sd.o
LOAD Drivers/BSP/STM32F769I-Discovery/stm32f769i_discovery_sdram.o
LOAD Drivers/STM32F7xx_HAL_Driver/Src/stm32f7xx_hal.o
LOAD Drivers/STM32F7xx_HAL_Driver/Src/stm32f7xx_hal_cortex.o
LOAD Drivers/STM32F7xx_HAL_Driver/Src/stm32f7xx_hal_dma.o
LOAD Drivers/STM32F7xx_HAL_Driver/Src/stm32f7xx_hal_dma_ex.o
LOAD Drivers/STM32F7xx_HAL_Driver/Src/stm32f7xx_hal_flash.o
LOAD Drivers/STM32F7xx_HAL_Driver/Src/stm32f7xx_hal_flash_ex.o
LOAD Drivers/STM32F7xx_HAL_Driver/Src/stm32f7xx_hal_gpio.o
LOAD Drivers/STM32F7xx_HAL_Driver/Src/stm32f7xx_hal_i2c.o
LOAD Drivers/STM32F7xx_HAL_Driver/Src/stm32f7xx_hal_i2c_ex.o
LOAD Drivers/STM32F7xx_HAL_Driver/Src/stm32f7xx_hal_pwr.o
LOAD Drivers/STM32F7xx_HAL_Driver/Src/stm32f7xx_hal_pwr_ex.o
LOAD Drivers/STM32F7xx_HAL_Driver/Src/stm32f7xx_hal_qspi.o
LOAD Drivers/STM32F7xx_HAL_Driver/Src/stm32f7xx_hal_rcc.o
LOAD Drivers/STM32F7xx_HAL_Driver/Src/stm32f7xx_hal_rcc_ex.o
LOAD Drivers/STM32F7xx_HAL_Driver/Src/stm32f7xx_hal_sd.o
LOAD Drivers/STM32F7xx_HAL_Driver/Src/stm32f7xx_hal_sdram.o
LOAD Drivers/STM32F7xx_HAL_Driver/Src/stm32f7xx_hal_tim.o
LOAD Drivers/STM32F7xx_HAL_Driver/Src/stm32f7xx_hal_tim_ex.o
LOAD Drivers/STM32F7xx_HAL_Driver/Src/stm32f7xx_hal_uart.o
LOAD Drivers/STM32F7xx_HAL_Driver/Src/stm32f7xx_ll_fmc.o
LOAD Drivers/STM32F7xx_HAL_Driver/Src/stm32f7xx_ll_sdmmc.o
LOAD Middlewares/Third_Party/FatFs/src/diskio.o
LOAD Middlewares/Third_Party/FatFs/src/ff.o
LOAD Middlewares/Third_Party/FatFs/src/ff_gen_drv.o
LOAD Middlewares/Third_Party/FatFs/src/drivers/sd_diskio.o
LOAD Middlewares/Third_Party/FatFs/src/option/syscall.o
LOAD Src/fatfs.o
LOAD Src/fatfs_storage.o
LOAD Src/gpio.o
LOAD Src/main.o
LOAD Src/sdmmc.o
LOAD Src/stm32f7xx_hal_msp.o
LOAD Src/stm32f7xx_it.o
LOAD Src/syscalls.o
LOAD Src/system_stm32f7xx.o
LOAD Src/usart.o
LOAD startup/startup_stm32f769xx.o
START GROUP
LOAD /Applications/Ac6/SystemWorkbench.app/Contents/Eclipse/plugins/fr.ac6.mcu.externaltools.arm-none.macos64_1.13.1.201703061524/tools/compiler/bin/../lib/gcc/arm-none-eabi/5.4.1/armv7e-m/fpu/fpv5-d16/libgcc.a
LOAD /Applications/Ac6/SystemWorkbench.app/Contents/Eclipse/plugins/fr.ac6.mcu.externaltools.arm-none.macos64_1.13.1.201703061524/tools/compiler/bin/../lib/gcc/arm-none-eabi/5.4.1/../../../../arm-none-eabi/lib/armv7e-m/fpu/fpv5-d16/libc_nano.a
END GROUP
START GROUP
LOAD /Applications/Ac6/SystemWorkbench.app/Contents/Eclipse/plugins/fr.ac6.mcu.externaltools.arm-none.macos64_1.13.1.201703061524/tools/compiler/bin/../lib/gcc/arm-none-eabi/5.4.1/armv7e-m/fpu/fpv5-d16/libgcc.a
LOAD /Applications/Ac6/SystemWorkbench.app/Contents/Eclipse/plugins/fr.ac6.mcu.externaltools.arm-none.macos64_1.13.1.201703061524/tools/compiler/bin/../lib/gcc/arm-none-eabi/5.4.1/../../../../arm-none-eabi/lib/armv7e-m/fpu/fpv5-d16/libc_nano.a
LOAD /Applications/Ac6/SystemWorkbench.app/Contents/Eclipse/plugins/fr.ac6.mcu.externaltools.arm-none.macos64_1.13.1.201703061524/tools/compiler/bin/../lib/gcc/arm-none-eabi/5.4.1/../../../../arm-none-eabi/lib/armv7e-m/fpu/fpv5-d16/libnosys.a
END GROUP
START GROUP
LOAD /Applications/Ac6/SystemWorkbench.app/Contents/Eclipse/plugins/fr.ac6.mcu.externaltools.arm-none.macos64_1.13.1.201703061524/tools/compiler/bin/../lib/gcc/arm-none-eabi/5.4.1/armv7e-m/fpu/fpv5-d16/libgcc.a
LOAD /Applications/Ac6/SystemWorkbench.app/Contents/Eclipse/plugins/fr.ac6.mcu.externaltools.arm-none.macos64_1.13.1.201703061524/tools/compiler/bin/../lib/gcc/arm-none-eabi/5.4.1/../../../../arm-none-eabi/lib/armv7e-m/fpu/fpv5-d16/libc_nano.a
LOAD /Applications/Ac6/SystemWorkbench.app/Contents/Eclipse/plugins/fr.ac6.mcu.externaltools.arm-none.macos64_1.13.1.201703061524/tools/compiler/bin/../lib/gcc/arm-none-eabi/5.4.1/../../../../arm-none-eabi/lib/armv7e-m/fpu/fpv5-d16/libnosys.a
END GROUP
LOAD /Applications/Ac6/SystemWorkbench.app/Contents/Eclipse/plugins/fr.ac6.mcu.externaltools.arm-none.macos64_1.13.1.201703061524/tools/compiler/bin/../lib/gcc/arm-none-eabi/5.4.1/armv7e-m/fpu/fpv5-d16/crtend.o
LOAD /Applications/Ac6/SystemWorkbench.app/Contents/Eclipse/plugins/fr.ac6.mcu.externaltools.arm-none.macos64_1.13.1.201703061524/tools/compiler/bin/../lib/gcc/arm-none-eabi/5.4.1/armv7e-m/fpu/fpv5-d16/crtn.o
                0x0000000020080000                _estack = 0x20080000
                0x0000000000009000                _Min_Heap_Size = 0x9000
                0x0000000000002000                _Min_Stack_Size = 0x2000

.isr_vector     0x0000000008000000      0x1f8
                0x0000000008000000                . = ALIGN (0x4)
 *(.isr_vector)
 .isr_vector    0x0000000008000000      0x1f8 startup/startup_stm32f769xx.o
                0x0000000008000000                g_pfnVectors
                0x00000000080001f8                . = ALIGN (0x4)

.text           0x0000000008000200     0x8434
                0x0000000008000200                . = ALIGN (0x4)
 *(.text)
 .text          0x0000000008000200       0x5c /Applications/Ac6/SystemWorkbench.app/Contents/Eclipse/plugins/fr.ac6.mcu.externaltools.arm-none.macos64_1.13.1.201703061524/tools/compiler/bin/../lib/gcc/arm-none-eabi/5.4.1/armv7e-m/fpu/fpv5-d16/crtbegin.o
 *fill*         0x000000000800025c        0x4 
 .text          0x0000000008000260       0xa0 /Applications/Ac6/SystemWorkbench.app/Contents/Eclipse/plugins/fr.ac6.mcu.externaltools.arm-none.macos64_1.13.1.201703061524/tools/compiler/bin/../lib/gcc/arm-none-eabi/5.4.1/../../../../arm-none-eabi/lib/armv7e-m/fpu/fpv5-d16/libc_nano.a(lib_a-memchr.o)
                0x0000000008000260                memchr
 *(.text*)
 .text.BSP_LED_Init
                0x0000000008000300       0x44 Drivers/BSP/STM32F769I-Discovery/stm32f769i_discovery.o
                0x0000000008000300                BSP_LED_Init
 .text.BSP_LED_On
                0x0000000008000344       0x1c Drivers/BSP/STM32F769I-Discovery/stm32f769i_discovery.o
                0x0000000008000344                BSP_LED_On
 .text.BSP_LED_Off
                0x0000000008000360       0x1c Drivers/BSP/STM32F769I-Discovery/stm32f769i_discovery.o
                0x0000000008000360                BSP_LED_Off
 .text.QSPI_EnterMemory_QPI
                0x000000000800037c       0x74 Drivers/BSP/STM32F769I-Discovery/stm32f769i_discovery_qspi.o
 .text.QSPI_WriteEnable
                0x00000000080003f0       0x6c Drivers/BSP/STM32F769I-Discovery/stm32f769i_discovery_qspi.o
 .text.QSPI_AutoPollingMemReady
                0x000000000800045c       0x50 Drivers/BSP/STM32F769I-Discovery/stm32f769i_discovery_qspi.o
 .text.QSPI_EnterFourBytesAddress
                0x00000000080004ac       0x54 Drivers/BSP/STM32F769I-Discovery/stm32f769i_discovery_qspi.o
 .text.QSPI_ResetMemory
                0x0000000008000500      0x1e4 Drivers/BSP/STM32F769I-Discovery/stm32f769i_discovery_qspi.o
 .text.QSPI_DummyCyclesCfg
                0x00000000080006e4      0x118 Drivers/BSP/STM32F769I-Discovery/stm32f769i_discovery_qspi.o
 .text.QSPI_OutDrvStrengthCfg
                0x00000000080007fc      0x114 Drivers/BSP/STM32F769I-Discovery/stm32f769i_discovery_qspi.o
 .text.BSP_QSPI_Write
                0x0000000008000910       0xa8 Drivers/BSP/STM32F769I-Discovery/stm32f769i_discovery_qspi.o
                0x0000000008000910                BSP_QSPI_Write
 .text.BSP_QSPI_Erase_Block
                0x00000000080009b8       0x64 Drivers/BSP/STM32F769I-Discovery/stm32f769i_discovery_qspi.o
                0x00000000080009b8                BSP_QSPI_Erase_Block
 .text.BSP_QSPI_GetStatus
                0x0000000008000a1c       0x64 Drivers/BSP/STM32F769I-Discovery/stm32f769i_discovery_qspi.o
                0x0000000008000a1c                BSP_QSPI_GetStatus
 .text.BSP_QSPI_GetInfo
                0x0000000008000a80       0x24 Drivers/BSP/STM32F769I-Discovery/stm32f769i_discovery_qspi.o
                0x0000000008000a80                BSP_QSPI_GetInfo
 .text.BSP_QSPI_MspInit
                0x0000000008000aa4      0x128 Drivers/BSP/STM32F769I-Discovery/stm32f769i_discovery_qspi.o
                0x0000000008000aa4                BSP_QSPI_MspInit
 .text.BSP_QSPI_Init
                0x0000000008000bcc       0x98 Drivers/BSP/STM32F769I-Discovery/stm32f769i_discovery_qspi.o
                0x0000000008000bcc                BSP_QSPI_Init
 .text.BSP_SD_IsDetected
                0x0000000008000c64       0x2c Drivers/BSP/STM32F769I-Discovery/stm32f769i_discovery_sd.o
                0x0000000008000c64                BSP_SD_IsDetected
 .text.BSP_SD_ReadBlocks
                0x0000000008000c90       0x24 Drivers/BSP/STM32F769I-Discovery/stm32f769i_discovery_sd.o
                0x0000000008000c90                BSP_SD_ReadBlocks
 .text.BSP_SD_WriteBlocks
                0x0000000008000cb4       0x24 Drivers/BSP/STM32F769I-Discovery/stm32f769i_discovery_sd.o
                0x0000000008000cb4                BSP_SD_WriteBlocks
 .text.BSP_SD_MspInit
                0x0000000008000cd8      0x1a4 Drivers/BSP/STM32F769I-Discovery/stm32f769i_discovery_sd.o
                0x0000000008000cd8                BSP_SD_MspInit
 .text.BSP_SD_Detect_MspInit
                0x0000000008000e7c       0x40 Drivers/BSP/STM32F769I-Discovery/stm32f769i_discovery_sd.o
                0x0000000008000e7c                BSP_SD_Detect_MspInit
 .text.BSP_SD_Init
                0x0000000008000ebc       0x64 Drivers/BSP/STM32F769I-Discovery/stm32f769i_discovery_sd.o
                0x0000000008000ebc                BSP_SD_Init
 .text.BSP_SD_GetCardState
                0x0000000008000f20       0x14 Drivers/BSP/STM32F769I-Discovery/stm32f769i_discovery_sd.o
                0x0000000008000f20                BSP_SD_GetCardState
 .text.BSP_SD_GetCardInfo
                0x0000000008000f34       0x10 Drivers/BSP/STM32F769I-Discovery/stm32f769i_discovery_sd.o
                0x0000000008000f34                BSP_SD_GetCardInfo
 .text.BSP_SDRAM_Initialization_sequence
                0x0000000008000f44       0x9c Drivers/BSP/STM32F769I-Discovery/stm32f769i_discovery_sdram.o
                0x0000000008000f44                BSP_SDRAM_Initialization_sequence
 .text.BSP_SDRAM_MspInit
                0x0000000008000fe0      0x184 Drivers/BSP/STM32F769I-Discovery/stm32f769i_discovery_sdram.o
                0x0000000008000fe0                BSP_SDRAM_MspInit
 .text.BSP_SDRAM_Init
                0x0000000008001164       0x88 Drivers/BSP/STM32F769I-Discovery/stm32f769i_discovery_sdram.o
                0x0000000008001164                BSP_SDRAM_Init
 .text.HAL_InitTick
                0x00000000080011ec       0x2c Drivers/STM32F7xx_HAL_Driver/Src/stm32f7xx_hal.o
                0x00000000080011ec                HAL_InitTick
 .text.HAL_Init
                0x0000000008001218       0x18 Drivers/STM32F7xx_HAL_Driver/Src/stm32f7xx_hal.o
                0x0000000008001218                HAL_Init
 .text.HAL_IncTick
                0x0000000008001230       0x10 Drivers/STM32F7xx_HAL_Driver/Src/stm32f7xx_hal.o
                0x0000000008001230                HAL_IncTick
 .text.HAL_GetTick
                0x0000000008001240        0xc Drivers/STM32F7xx_HAL_Driver/Src/stm32f7xx_hal.o
                0x0000000008001240                HAL_GetTick
 .text.HAL_Delay
                0x000000000800124c       0x1c Drivers/STM32F7xx_HAL_Driver/Src/stm32f7xx_hal.o
                0x000000000800124c                HAL_Delay
 .text.HAL_NVIC_SetPriorityGrouping
                0x0000000008001268       0x24 Drivers/STM32F7xx_HAL_Driver/Src/stm32f7xx_hal_cortex.o
                0x0000000008001268                HAL_NVIC_SetPriorityGrouping
 .text.HAL_NVIC_SetPriority
                0x000000000800128c       0x60 Drivers/STM32F7xx_HAL_Driver/Src/stm32f7xx_hal_cortex.o
                0x000000000800128c                HAL_NVIC_SetPriority
 .text.HAL_NVIC_EnableIRQ
                0x00000000080012ec       0x18 Drivers/STM32F7xx_HAL_Driver/Src/stm32f7xx_hal_cortex.o
                0x00000000080012ec                HAL_NVIC_EnableIRQ
 .text.HAL_SYSTICK_Config
                0x0000000008001304       0x2c Drivers/STM32F7xx_HAL_Driver/Src/stm32f7xx_hal_cortex.o
                0x0000000008001304                HAL_SYSTICK_Config
 .text.HAL_MPU_Disable
                0x0000000008001330       0x20 Drivers/STM32F7xx_HAL_Driver/Src/stm32f7xx_hal_cortex.o
                0x0000000008001330                HAL_MPU_Disable
 .text.HAL_MPU_Enable
                0x0000000008001350       0x24 Drivers/STM32F7xx_HAL_Driver/Src/stm32f7xx_hal_cortex.o
                0x0000000008001350                HAL_MPU_Enable
 .text.HAL_MPU_ConfigRegion
                0x0000000008001374       0x54 Drivers/STM32F7xx_HAL_Driver/Src/stm32f7xx_hal_cortex.o
                0x0000000008001374                HAL_MPU_ConfigRegion
 .text.HAL_SYSTICK_CLKSourceConfig
                0x00000000080013c8       0x20 Drivers/STM32F7xx_HAL_Driver/Src/stm32f7xx_hal_cortex.o
                0x00000000080013c8                HAL_SYSTICK_CLKSourceConfig
 .text.HAL_SYSTICK_Callback
                0x00000000080013e8        0x4 Drivers/STM32F7xx_HAL_Driver/Src/stm32f7xx_hal_cortex.o
                0x00000000080013e8                HAL_SYSTICK_Callback
 .text.HAL_SYSTICK_IRQHandler
                0x00000000080013ec        0x8 Drivers/STM32F7xx_HAL_Driver/Src/stm32f7xx_hal_cortex.o
                0x00000000080013ec                HAL_SYSTICK_IRQHandler
 .text.DMA_CalcBaseAndBitshift
                0x00000000080013f4       0x38 Drivers/STM32F7xx_HAL_Driver/Src/stm32f7xx_hal_dma.o
 .text.DMA_CheckFifoParam
                0x000000000800142c       0x90 Drivers/STM32F7xx_HAL_Driver/Src/stm32f7xx_hal_dma.o
 .text.HAL_DMA_Init
                0x00000000080014bc       0xd0 Drivers/STM32F7xx_HAL_Driver/Src/stm32f7xx_hal_dma.o
                0x00000000080014bc                HAL_DMA_Init
 .text.HAL_DMA_DeInit
                0x000000000800158c       0x58 Drivers/STM32F7xx_HAL_Driver/Src/stm32f7xx_hal_dma.o
                0x000000000800158c                HAL_DMA_DeInit
 .text.HAL_GPIO_Init
                0x00000000080015e4      0x1d4 Drivers/STM32F7xx_HAL_Driver/Src/stm32f7xx_hal_gpio.o
                0x00000000080015e4                HAL_GPIO_Init
 .text.HAL_GPIO_ReadPin
                0x00000000080017b8       0x10 Drivers/STM32F7xx_HAL_Driver/Src/stm32f7xx_hal_gpio.o
                0x00000000080017b8                HAL_GPIO_ReadPin
 .text.HAL_GPIO_WritePin
                0x00000000080017c8        0xc Drivers/STM32F7xx_HAL_Driver/Src/stm32f7xx_hal_gpio.o
                0x00000000080017c8                HAL_GPIO_WritePin
 .text.HAL_PWREx_EnableOverDrive
                0x00000000080017d4       0x80 Drivers/STM32F7xx_HAL_Driver/Src/stm32f7xx_hal_pwr_ex.o
                0x00000000080017d4                HAL_PWREx_EnableOverDrive
 .text.QSPI_Config
                0x0000000008001854      0x1ec Drivers/STM32F7xx_HAL_Driver/Src/stm32f7xx_hal_qspi.o
 .text.QSPI_WaitFlagStateUntilTimeout
                0x0000000008001a40       0x50 Drivers/STM32F7xx_HAL_Driver/Src/stm32f7xx_hal_qspi.o
 .text.HAL_QSPI_MspInit
                0x0000000008001a90        0x4 Drivers/STM32F7xx_HAL_Driver/Src/stm32f7xx_hal_qspi.o
                0x0000000008001a90                HAL_QSPI_MspInit
 .text.HAL_QSPI_MspDeInit
                0x0000000008001a94        0x4 Drivers/STM32F7xx_HAL_Driver/Src/stm32f7xx_hal_qspi.o
                0x0000000008001a94                HAL_QSPI_MspDeInit
 .text.HAL_QSPI_DeInit
                0x0000000008001a98       0x3c Drivers/STM32F7xx_HAL_Driver/Src/stm32f7xx_hal_qspi.o
                0x0000000008001a98                HAL_QSPI_DeInit
 .text.HAL_QSPI_Command
                0x0000000008001ad4       0x94 Drivers/STM32F7xx_HAL_Driver/Src/stm32f7xx_hal_qspi.o
                0x0000000008001ad4                HAL_QSPI_Command
 .text.HAL_QSPI_Transmit
                0x0000000008001b68       0xc8 Drivers/STM32F7xx_HAL_Driver/Src/stm32f7xx_hal_qspi.o
                0x0000000008001b68                HAL_QSPI_Transmit
 .text.HAL_QSPI_Receive
                0x0000000008001c30       0xd0 Drivers/STM32F7xx_HAL_Driver/Src/stm32f7xx_hal_qspi.o
                0x0000000008001c30                HAL_QSPI_Receive
 .text.HAL_QSPI_AutoPolling
                0x0000000008001d00       0xb4 Drivers/STM32F7xx_HAL_Driver/Src/stm32f7xx_hal_qspi.o
                0x0000000008001d00                HAL_QSPI_AutoPolling
 .text.HAL_QSPI_SetTimeout
                0x0000000008001db4        0x4 Drivers/STM32F7xx_HAL_Driver/Src/stm32f7xx_hal_qspi.o
                0x0000000008001db4                HAL_QSPI_SetTimeout
 .text.HAL_QSPI_Init
                0x0000000008001db8       0xcc Drivers/STM32F7xx_HAL_Driver/Src/stm32f7xx_hal_qspi.o
                0x0000000008001db8                HAL_QSPI_Init
 .text.HAL_RCC_OscConfig
                0x0000000008001e84      0x440 Drivers/STM32F7xx_HAL_Driver/Src/stm32f7xx_hal_rcc.o
                0x0000000008001e84                HAL_RCC_OscConfig
 .text.HAL_RCC_GetSysClockFreq
                0x00000000080022c4       0xa4 Drivers/STM32F7xx_HAL_Driver/Src/stm32f7xx_hal_rcc.o
                0x00000000080022c4                HAL_RCC_GetSysClockFreq
 .text.HAL_RCC_ClockConfig
                0x0000000008002368      0x194 Drivers/STM32F7xx_HAL_Driver/Src/stm32f7xx_hal_rcc.o
                0x0000000008002368                HAL_RCC_ClockConfig
 .text.HAL_RCC_GetHCLKFreq
                0x00000000080024fc        0xc Drivers/STM32F7xx_HAL_Driver/Src/stm32f7xx_hal_rcc.o
                0x00000000080024fc                HAL_RCC_GetHCLKFreq
 .text.HAL_RCC_GetPCLK1Freq
                0x0000000008002508       0x30 Drivers/STM32F7xx_HAL_Driver/Src/stm32f7xx_hal_rcc.o
                0x0000000008002508                HAL_RCC_GetPCLK1Freq
 .text.HAL_RCC_GetPCLK2Freq
                0x0000000008002538       0x30 Drivers/STM32F7xx_HAL_Driver/Src/stm32f7xx_hal_rcc.o
                0x0000000008002538                HAL_RCC_GetPCLK2Freq
 .text.HAL_RCCEx_PeriphCLKConfig
                0x0000000008002568      0x820 Drivers/STM32F7xx_HAL_Driver/Src/stm32f7xx_hal_rcc_ex.o
                0x0000000008002568                HAL_RCCEx_PeriphCLKConfig
 .text.SD_PowerON
                0x0000000008002d88       0xd0 Drivers/STM32F7xx_HAL_Driver/Src/stm32f7xx_hal_sd.o
 .text.SD_FindSCR
                0x0000000008002e58      0x104 Drivers/STM32F7xx_HAL_Driver/Src/stm32f7xx_hal_sd.o
 .text.SD_WideBus_Enable
                0x0000000008002f5c       0x60 Drivers/STM32F7xx_HAL_Driver/Src/stm32f7xx_hal_sd.o
 .text.SD_WideBus_Disable
                0x0000000008002fbc       0x60 Drivers/STM32F7xx_HAL_Driver/Src/stm32f7xx_hal_sd.o
 .text.SD_SendStatus
                0x000000000800301c       0x2c Drivers/STM32F7xx_HAL_Driver/Src/stm32f7xx_hal_sd.o
 .text.HAL_SD_ReadBlocks
                0x0000000008003048      0x218 Drivers/STM32F7xx_HAL_Driver/Src/stm32f7xx_hal_sd.o
                0x0000000008003048                HAL_SD_ReadBlocks
 .text.HAL_SD_WriteBlocks
                0x0000000008003260      0x1e8 Drivers/STM32F7xx_HAL_Driver/Src/stm32f7xx_hal_sd.o
                0x0000000008003260                HAL_SD_WriteBlocks
 .text.HAL_SD_GetCardCID
                0x0000000008003448       0xc0 Drivers/STM32F7xx_HAL_Driver/Src/stm32f7xx_hal_sd.o
                0x0000000008003448                HAL_SD_GetCardCID
 .text.HAL_SD_GetCardCSD
                0x0000000008003508      0x1e8 Drivers/STM32F7xx_HAL_Driver/Src/stm32f7xx_hal_sd.o
                0x0000000008003508                HAL_SD_GetCardCSD
 .text.SD_InitCard
                0x00000000080036f0       0xf4 Drivers/STM32F7xx_HAL_Driver/Src/stm32f7xx_hal_sd.o
 .text.HAL_SD_InitCard
                0x00000000080037e4       0x80 Drivers/STM32F7xx_HAL_Driver/Src/stm32f7xx_hal_sd.o
                0x00000000080037e4                HAL_SD_InitCard
 .text.HAL_SD_Init
                0x0000000008003864       0x38 Drivers/STM32F7xx_HAL_Driver/Src/stm32f7xx_hal_sd.o
                0x0000000008003864                HAL_SD_Init
 .text.HAL_SD_GetCardInfo
                0x000000000800389c       0x24 Drivers/STM32F7xx_HAL_Driver/Src/stm32f7xx_hal_sd.o
                0x000000000800389c                HAL_SD_GetCardInfo
 .text.HAL_SD_ConfigWideBusOperation
                0x00000000080038c0       0xa0 Drivers/STM32F7xx_HAL_Driver/Src/stm32f7xx_hal_sd.o
                0x00000000080038c0                HAL_SD_ConfigWideBusOperation
 .text.HAL_SD_GetCardState
                0x0000000008003960       0x28 Drivers/STM32F7xx_HAL_Driver/Src/stm32f7xx_hal_sd.o
                0x0000000008003960                HAL_SD_GetCardState
 .text.HAL_SDRAM_MspInit
                0x0000000008003988        0x4 Drivers/STM32F7xx_HAL_Driver/Src/stm32f7xx_hal_sdram.o
                0x0000000008003988                HAL_SDRAM_MspInit
 .text.HAL_SDRAM_Init
                0x000000000800398c       0x44 Drivers/STM32F7xx_HAL_Driver/Src/stm32f7xx_hal_sdram.o
                0x000000000800398c                HAL_SDRAM_Init
 .text.HAL_SDRAM_SendCommand
                0x00000000080039d0       0x3c Drivers/STM32F7xx_HAL_Driver/Src/stm32f7xx_hal_sdram.o
                0x00000000080039d0                HAL_SDRAM_SendCommand
 .text.HAL_SDRAM_ProgramRefreshRate
                0x0000000008003a0c       0x28 Drivers/STM32F7xx_HAL_Driver/Src/stm32f7xx_hal_sdram.o
                0x0000000008003a0c                HAL_SDRAM_ProgramRefreshRate
 .text.HAL_SDRAM_GetState
                0x0000000008003a34        0x8 Drivers/STM32F7xx_HAL_Driver/Src/stm32f7xx_hal_sdram.o
                0x0000000008003a34                HAL_SDRAM_GetState
 .text.UART_WaitOnFlagUntilTimeout
                0x0000000008003a3c       0x68 Drivers/STM32F7xx_HAL_Driver/Src/stm32f7xx_hal_uart.o
                0x0000000008003a3c                UART_WaitOnFlagUntilTimeout
 .text.HAL_UART_Transmit
                0x0000000008003aa4       0xcc Drivers/STM32F7xx_HAL_Driver/Src/stm32f7xx_hal_uart.o
                0x0000000008003aa4                HAL_UART_Transmit
 .text.UART_SetConfig
                0x0000000008003b70      0x364 Drivers/STM32F7xx_HAL_Driver/Src/stm32f7xx_hal_uart.o
                0x0000000008003b70                UART_SetConfig
 .text.UART_AdvFeatureConfig
                0x0000000008003ed4       0xc8 Drivers/STM32F7xx_HAL_Driver/Src/stm32f7xx_hal_uart.o
                0x0000000008003ed4                UART_AdvFeatureConfig
 .text.UART_CheckIdleState
                0x0000000008003f9c       0x48 Drivers/STM32F7xx_HAL_Driver/Src/stm32f7xx_hal_uart.o
                0x0000000008003f9c                UART_CheckIdleState
 .text.HAL_UART_Init
                0x0000000008003fe4       0x6c Drivers/STM32F7xx_HAL_Driver/Src/stm32f7xx_hal_uart.o
                0x0000000008003fe4                HAL_UART_Init
 .text.FMC_SDRAM_Init
                0x0000000008004050       0x78 Drivers/STM32F7xx_HAL_Driver/Src/stm32f7xx_ll_fmc.o
                0x0000000008004050                FMC_SDRAM_Init
 .text.FMC_SDRAM_Timing_Init
                0x00000000080040c8       0x9c Drivers/STM32F7xx_HAL_Driver/Src/stm32f7xx_ll_fmc.o
                0x00000000080040c8                FMC_SDRAM_Timing_Init
 .text.FMC_SDRAM_SendCommand
                0x0000000008004164       0x58 Drivers/STM32F7xx_HAL_Driver/Src/stm32f7xx_ll_fmc.o
                0x0000000008004164                FMC_SDRAM_SendCommand
 .text.FMC_SDRAM_ProgramRefreshRate
                0x00000000080041bc        0xc Drivers/STM32F7xx_HAL_Driver/Src/stm32f7xx_ll_fmc.o
                0x00000000080041bc                FMC_SDRAM_ProgramRefreshRate
 .text.SDMMC_GetCmdError
                0x00000000080041c8       0x3c Drivers/STM32F7xx_HAL_Driver/Src/stm32f7xx_ll_sdmmc.o
 .text.SDMMC_GetCmdResp2
                0x0000000008004204       0x5c Drivers/STM32F7xx_HAL_Driver/Src/stm32f7xx_ll_sdmmc.o
 .text.SDMMC_GetCmdResp3
                0x0000000008004260       0x50 Drivers/STM32F7xx_HAL_Driver/Src/stm32f7xx_ll_sdmmc.o
 .text.SDMMC_GetCmdResp7
                0x00000000080042b0       0x54 Drivers/STM32F7xx_HAL_Driver/Src/stm32f7xx_ll_sdmmc.o
 .text.SDMMC_Init
                0x0000000008004304       0x38 Drivers/STM32F7xx_HAL_Driver/Src/stm32f7xx_ll_sdmmc.o
                0x0000000008004304                SDMMC_Init
 .text.SDMMC_ReadFIFO
                0x000000000800433c        0x8 Drivers/STM32F7xx_HAL_Driver/Src/stm32f7xx_ll_sdmmc.o
                0x000000000800433c                SDMMC_ReadFIFO
 .text.SDMMC_WriteFIFO
                0x0000000008004344        0xc Drivers/STM32F7xx_HAL_Driver/Src/stm32f7xx_ll_sdmmc.o
                0x0000000008004344                SDMMC_WriteFIFO
 .text.SDMMC_PowerState_ON
                0x0000000008004350        0x8 Drivers/STM32F7xx_HAL_Driver/Src/stm32f7xx_ll_sdmmc.o
                0x0000000008004350                SDMMC_PowerState_ON
 .text.SDMMC_GetPowerState
                0x0000000008004358        0x8 Drivers/STM32F7xx_HAL_Driver/Src/stm32f7xx_ll_sdmmc.o
                0x0000000008004358                SDMMC_GetPowerState
 .text.SDMMC_SendCommand
                0x0000000008004360       0x24 Drivers/STM32F7xx_HAL_Driver/Src/stm32f7xx_ll_sdmmc.o
                0x0000000008004360                SDMMC_SendCommand
 .text.SDMMC_GetCommandResponse
                0x0000000008004384        0x8 Drivers/STM32F7xx_HAL_Driver/Src/stm32f7xx_ll_sdmmc.o
                0x0000000008004384                SDMMC_GetCommandResponse
 .text.SDMMC_GetResponse
                0x000000000800438c       0x14 Drivers/STM32F7xx_HAL_Driver/Src/stm32f7xx_ll_sdmmc.o
                0x000000000800438c                SDMMC_GetResponse
 .text.SDMMC_GetCmdResp1
                0x00000000080043a0      0x154 Drivers/STM32F7xx_HAL_Driver/Src/stm32f7xx_ll_sdmmc.o
 .text.SDMMC_GetCmdResp6
                0x00000000080044f4       0xa0 Drivers/STM32F7xx_HAL_Driver/Src/stm32f7xx_ll_sdmmc.o
 .text.SDMMC_ConfigData
                0x0000000008004594       0x24 Drivers/STM32F7xx_HAL_Driver/Src/stm32f7xx_ll_sdmmc.o
                0x0000000008004594                SDMMC_ConfigData
 .text.SDMMC_CmdBlockLength
                0x00000000080045b8       0x30 Drivers/STM32F7xx_HAL_Driver/Src/stm32f7xx_ll_sdmmc.o
                0x00000000080045b8                SDMMC_CmdBlockLength
 .text.SDMMC_CmdReadSingleBlock
                0x00000000080045e8       0x30 Drivers/STM32F7xx_HAL_Driver/Src/stm32f7xx_ll_sdmmc.o
                0x00000000080045e8                SDMMC_CmdReadSingleBlock
 .text.SDMMC_CmdReadMultiBlock
                0x0000000008004618       0x30 Drivers/STM32F7xx_HAL_Driver/Src/stm32f7xx_ll_sdmmc.o
                0x0000000008004618                SDMMC_CmdReadMultiBlock
 .text.SDMMC_CmdWriteSingleBlock
                0x0000000008004648       0x30 Drivers/STM32F7xx_HAL_Driver/Src/stm32f7xx_ll_sdmmc.o
                0x0000000008004648                SDMMC_CmdWriteSingleBlock
 .text.SDMMC_CmdWriteMultiBlock
                0x0000000008004678       0x30 Drivers/STM32F7xx_HAL_Driver/Src/stm32f7xx_ll_sdmmc.o
                0x0000000008004678                SDMMC_CmdWriteMultiBlock
 .text.SDMMC_CmdStopTransfer
                0x00000000080046a8       0x34 Drivers/STM32F7xx_HAL_Driver/Src/stm32f7xx_ll_sdmmc.o
                0x00000000080046a8                SDMMC_CmdStopTransfer
 .text.SDMMC_CmdSelDesel
                0x00000000080046dc       0x30 Drivers/STM32F7xx_HAL_Driver/Src/stm32f7xx_ll_sdmmc.o
                0x00000000080046dc                SDMMC_CmdSelDesel
 .text.SDMMC_CmdGoIdleState
                0x000000000800470c       0x28 Drivers/STM32F7xx_HAL_Driver/Src/stm32f7xx_ll_sdmmc.o
                0x000000000800470c                SDMMC_CmdGoIdleState
 .text.SDMMC_CmdOperCond
                0x0000000008004734       0x30 Drivers/STM32F7xx_HAL_Driver/Src/stm32f7xx_ll_sdmmc.o
                0x0000000008004734                SDMMC_CmdOperCond
 .text.SDMMC_CmdAppCommand
                0x0000000008004764       0x30 Drivers/STM32F7xx_HAL_Driver/Src/stm32f7xx_ll_sdmmc.o
                0x0000000008004764                SDMMC_CmdAppCommand
 .text.SDMMC_CmdAppOperCommand
                0x0000000008004794       0x34 Drivers/STM32F7xx_HAL_Driver/Src/stm32f7xx_ll_sdmmc.o
                0x0000000008004794                SDMMC_CmdAppOperCommand
 .text.SDMMC_CmdBusWidth
                0x00000000080047c8       0x30 Drivers/STM32F7xx_HAL_Driver/Src/stm32f7xx_ll_sdmmc.o
                0x00000000080047c8                SDMMC_CmdBusWidth
 .text.SDMMC_CmdSendSCR
                0x00000000080047f8       0x30 Drivers/STM32F7xx_HAL_Driver/Src/stm32f7xx_ll_sdmmc.o
                0x00000000080047f8                SDMMC_CmdSendSCR
 .text.SDMMC_CmdSendCID
                0x0000000008004828       0x2c Drivers/STM32F7xx_HAL_Driver/Src/stm32f7xx_ll_sdmmc.o
                0x0000000008004828                SDMMC_CmdSendCID
 .text.SDMMC_CmdSendCSD
                0x0000000008004854       0x2c Drivers/STM32F7xx_HAL_Driver/Src/stm32f7xx_ll_sdmmc.o
                0x0000000008004854                SDMMC_CmdSendCSD
 .text.SDMMC_CmdSetRelAdd
                0x0000000008004880       0x30 Drivers/STM32F7xx_HAL_Driver/Src/stm32f7xx_ll_sdmmc.o
                0x0000000008004880                SDMMC_CmdSetRelAdd
 .text.SDMMC_CmdSendStatus
                0x00000000080048b0       0x30 Drivers/STM32F7xx_HAL_Driver/Src/stm32f7xx_ll_sdmmc.o
                0x00000000080048b0                SDMMC_CmdSendStatus
 .text.disk_status
                0x00000000080048e0       0x18 Middlewares/Third_Party/FatFs/src/diskio.o
                0x00000000080048e0                disk_status
 .text.disk_initialize
                0x00000000080048f8       0x28 Middlewares/Third_Party/FatFs/src/diskio.o
                0x00000000080048f8                disk_initialize
 .text.disk_read
                0x0000000008004920       0x18 Middlewares/Third_Party/FatFs/src/diskio.o
                0x0000000008004920                disk_read
 .text.disk_write
                0x0000000008004938       0x18 Middlewares/Third_Party/FatFs/src/diskio.o
                0x0000000008004938                disk_write
 .text.disk_ioctl
                0x0000000008004950       0x18 Middlewares/Third_Party/FatFs/src/diskio.o
                0x0000000008004950                disk_ioctl
 .text.mem_cpy  0x0000000008004968       0x14 Middlewares/Third_Party/FatFs/src/ff.o
 .text.mem_set  0x000000000800497c       0x10 Middlewares/Third_Party/FatFs/src/ff.o
 .text.mem_cmp  0x000000000800498c       0x24 Middlewares/Third_Party/FatFs/src/ff.o
 .text.chk_chr  0x00000000080049b0       0x10 Middlewares/Third_Party/FatFs/src/ff.o
 .text.chk_lock
                0x00000000080049c0       0x8c Middlewares/Third_Party/FatFs/src/ff.o
 .text.enq_lock
                0x0000000008004a4c       0x24 Middlewares/Third_Party/FatFs/src/ff.o
 .text.inc_lock
                0x0000000008004a70       0xd0 Middlewares/Third_Party/FatFs/src/ff.o
 .text.dec_lock
                0x0000000008004b40       0x48 Middlewares/Third_Party/FatFs/src/ff.o
 .text.clear_lock
                0x0000000008004b88       0x30 Middlewares/Third_Party/FatFs/src/ff.o
 .text.clmt_clust
                0x0000000008004bb8       0x2c Middlewares/Third_Party/FatFs/src/ff.o
 .text.ld_clust
                0x0000000008004be4       0x20 Middlewares/Third_Party/FatFs/src/ff.o
 .text.st_clust
                0x0000000008004c04       0x14 Middlewares/Third_Party/FatFs/src/ff.o
 .text.get_fileinfo
                0x0000000008004c18       0x6c Middlewares/Third_Party/FatFs/src/ff.o
 .text.create_name
                0x0000000008004c84      0x110 Middlewares/Third_Party/FatFs/src/ff.o
 .text.get_ldnumber
                0x0000000008004d94       0x50 Middlewares/Third_Party/FatFs/src/ff.o
 .text.sync_window
                0x0000000008004de4       0x64 Middlewares/Third_Party/FatFs/src/ff.o
 .text.move_window
                0x0000000008004e48       0x38 Middlewares/Third_Party/FatFs/src/ff.o
 .text.check_fs
                0x0000000008004e80       0x94 Middlewares/Third_Party/FatFs/src/ff.o
 .text.validate
                0x0000000008004f14       0x44 Middlewares/Third_Party/FatFs/src/ff.o
 .text.find_volume
                0x0000000008004f58      0x384 Middlewares/Third_Party/FatFs/src/ff.o
 .text.sync_fs  0x00000000080052dc       0xc4 Middlewares/Third_Party/FatFs/src/ff.o
 .text.clust2sect
                0x00000000080053a0       0x20 Middlewares/Third_Party/FatFs/src/ff.o
                0x00000000080053a0                clust2sect
 .text.get_fat  0x00000000080053c0       0xe0 Middlewares/Third_Party/FatFs/src/ff.o
                0x00000000080053c0                get_fat
 .text.dir_sdi  0x00000000080054a0       0xb4 Middlewares/Third_Party/FatFs/src/ff.o
 .text.put_fat  0x0000000008005554      0x120 Middlewares/Third_Party/FatFs/src/ff.o
                0x0000000008005554                put_fat
 .text.create_chain
                0x0000000008005674       0xd4 Middlewares/Third_Party/FatFs/src/ff.o
 .text.dir_next
                0x0000000008005748      0x158 Middlewares/Third_Party/FatFs/src/ff.o
 .text.dir_find
                0x00000000080058a0       0x54 Middlewares/Third_Party/FatFs/src/ff.o
 .text.follow_path
                0x00000000080058f4       0x8c Middlewares/Third_Party/FatFs/src/ff.o
 .text.dir_alloc
                0x0000000008005980       0x54 Middlewares/Third_Party/FatFs/src/ff.o
 .text.dir_register
                0x00000000080059d4       0x48 Middlewares/Third_Party/FatFs/src/ff.o
 .text.dir_read
                0x0000000008005a1c       0x64 Middlewares/Third_Party/FatFs/src/ff.o
 .text.remove_chain
                0x0000000008005a80       0x74 Middlewares/Third_Party/FatFs/src/ff.o
 .text.f_mount  0x0000000008005af4       0x6c Middlewares/Third_Party/FatFs/src/ff.o
                0x0000000008005af4                f_mount
 .text.f_open   0x0000000008005b60      0x1b4 Middlewares/Third_Party/FatFs/src/ff.o
                0x0000000008005b60                f_open
 .text.f_read   0x0000000008005d14      0x1b8 Middlewares/Third_Party/FatFs/src/ff.o
                0x0000000008005d14                f_read
 .text.f_sync   0x0000000008005ecc       0xc4 Middlewares/Third_Party/FatFs/src/ff.o
                0x0000000008005ecc                f_sync
 .text.f_close  0x0000000008005f90       0x2c Middlewares/Third_Party/FatFs/src/ff.o
                0x0000000008005f90                f_close
 .text.f_opendir
                0x0000000008005fbc       0xa4 Middlewares/Third_Party/FatFs/src/ff.o
                0x0000000008005fbc                f_opendir
 .text.f_readdir
                0x0000000008006060       0x64 Middlewares/Third_Party/FatFs/src/ff.o
                0x0000000008006060                f_readdir
 .text.FATFS_LinkDriverEx
                0x00000000080060c4       0x4c Middlewares/Third_Party/FatFs/src/ff_gen_drv.o
                0x00000000080060c4                FATFS_LinkDriverEx
 .text.FATFS_LinkDriver
                0x0000000008006110        0xc Middlewares/Third_Party/FatFs/src/ff_gen_drv.o
                0x0000000008006110                FATFS_LinkDriver
 .text.SD_initialize
                0x000000000800611c       0x24 Middlewares/Third_Party/FatFs/src/drivers/sd_diskio.o
                0x000000000800611c                SD_initialize
 .text.SD_status
                0x0000000008006140       0x24 Middlewares/Third_Party/FatFs/src/drivers/sd_diskio.o
                0x0000000008006140                SD_status
 .text.SD_read  0x0000000008006164       0x34 Middlewares/Third_Party/FatFs/src/drivers/sd_diskio.o
                0x0000000008006164                SD_read
 .text.SD_write
                0x0000000008006198       0x34 Middlewares/Third_Party/FatFs/src/drivers/sd_diskio.o
                0x0000000008006198                SD_write
 .text.SD_ioctl
                0x00000000080061cc       0x58 Middlewares/Third_Party/FatFs/src/drivers/sd_diskio.o
                0x00000000080061cc                SD_ioctl
 .text.MX_FATFS_Init
                0x0000000008006224       0x1c Src/fatfs.o
                0x0000000008006224                MX_FATFS_Init
 .text.get_fattime
                0x0000000008006240        0x4 Src/fatfs.o
                0x0000000008006240                get_fattime
 .text.Storage_OpenReadFile
                0x0000000008006244       0x8c Src/fatfs_storage.o
                0x0000000008006244                Storage_OpenReadFile
 .text.Storage_GetDirectoryBitmapFiles
                0x00000000080062d0       0xa8 Src/fatfs_storage.o
                0x00000000080062d0                Storage_GetDirectoryBitmapFiles
 .text.Buffercmp
                0x0000000008006378       0x28 Src/fatfs_storage.o
                0x0000000008006378                Buffercmp
 .text.Storage_CheckBitmapFile
                0x00000000080063a0       0x6c Src/fatfs_storage.o
                0x00000000080063a0                Storage_CheckBitmapFile
 .text.MX_GPIO_Init
                0x000000000800640c      0x5b4 Src/gpio.o
                0x000000000800640c                MX_GPIO_Init
 .text.MPU_Config
                0x00000000080069c0       0x54 Src/main.o
 .text.__io_putchar
                0x0000000008006a14       0x24 Src/main.o
                0x0000000008006a14                __io_putchar
 .text.Error_Handler
                0x0000000008006a38        0x4 Src/main.o
                0x0000000008006a38                Error_Handler
 .text.SystemClock_Config
                0x0000000008006a3c       0xf4 Src/main.o
                0x0000000008006a3c                SystemClock_Config
 .text.main     0x0000000008006b30      0x53c Src/main.o
                0x0000000008006b30                main
 .text.HAL_SD_MspInit
                0x000000000800706c       0x80 Src/sdmmc.o
                0x000000000800706c                HAL_SD_MspInit
 .text.HAL_MspInit
                0x00000000080070ec       0x60 Src/stm32f7xx_hal_msp.o
                0x00000000080070ec                HAL_MspInit
 .text.SysTick_Handler
                0x000000000800714c        0xc Src/stm32f7xx_it.o
                0x000000000800714c                SysTick_Handler
 .text._read    0x0000000008007158       0x20 Src/syscalls.o
                0x0000000008007158                _read
 .text._write   0x0000000008007178       0x1c Src/syscalls.o
                0x0000000008007178                _write
 .text._sbrk    0x0000000008007194       0x38 Src/syscalls.o
                0x0000000008007194                _sbrk
 .text._close   0x00000000080071cc        0x8 Src/syscalls.o
                0x00000000080071cc                _close
 .text._fstat   0x00000000080071d4        0xc Src/syscalls.o
                0x00000000080071d4                _fstat
 .text._isatty  0x00000000080071e0        0x4 Src/syscalls.o
                0x00000000080071e0                _isatty
 .text._lseek   0x00000000080071e4        0x4 Src/syscalls.o
                0x00000000080071e4                _lseek
 .text.SystemInit
                0x00000000080071e8       0x50 Src/system_stm32f7xx.o
                0x00000000080071e8                SystemInit
 .text.MX_USART1_UART_Init
                0x0000000008007238       0x38 Src/usart.o
                0x0000000008007238                MX_USART1_UART_Init
 .text.HAL_UART_MspInit
                0x0000000008007270       0x68 Src/usart.o
                0x0000000008007270                HAL_UART_MspInit
 .text.Reset_Handler
                0x00000000080072d8       0x50 startup/startup_stm32f769xx.o
                0x00000000080072d8                Reset_Handler
 .text.Default_Handler
                0x0000000008007328        0x2 startup/startup_stm32f769xx.o
                0x0000000008007328                DMA1_Stream3_IRQHandler
                0x0000000008007328                EXTI2_IRQHandler
                0x0000000008007328                TIM8_CC_IRQHandler
                0x0000000008007328                DebugMon_Handler
                0x0000000008007328                UART8_IRQHandler
                0x0000000008007328                SPI4_IRQHandler
                0x0000000008007328                TIM1_CC_IRQHandler
                0x0000000008007328                DMA2_Stream5_IRQHandler
                0x0000000008007328                HardFault_Handler
                0x0000000008007328                JPEG_IRQHandler
                0x0000000008007328                DMA1_Stream5_IRQHandler
                0x0000000008007328                CAN3_RX1_IRQHandler
                0x0000000008007328                PVD_IRQHandler
                0x0000000008007328                TAMP_STAMP_IRQHandler
                0x0000000008007328                PendSV_Handler
                0x0000000008007328                NMI_Handler
                0x0000000008007328                CAN2_RX1_IRQHandler
                0x0000000008007328                EXTI3_IRQHandler
                0x0000000008007328                TIM8_TRG_COM_TIM14_IRQHandler
                0x0000000008007328                DFSDM1_FLT1_IRQHandler
                0x0000000008007328                TIM1_UP_TIM10_IRQHandler
                0x0000000008007328                TIM8_UP_TIM13_IRQHandler
                0x0000000008007328                I2C3_ER_IRQHandler
                0x0000000008007328                DFSDM1_FLT2_IRQHandler
                0x0000000008007328                EXTI0_IRQHandler
                0x0000000008007328                I2C2_EV_IRQHandler
                0x0000000008007328                DMA1_Stream2_IRQHandler
                0x0000000008007328                CAN1_RX0_IRQHandler
                0x0000000008007328                FPU_IRQHandler
                0x0000000008007328                OTG_HS_WKUP_IRQHandler
                0x0000000008007328                CAN3_SCE_IRQHandler
                0x0000000008007328                UsageFault_Handler
                0x0000000008007328                LTDC_ER_IRQHandler
                0x0000000008007328                CAN2_SCE_IRQHandler
                0x0000000008007328                DMA2_Stream2_IRQHandler
                0x0000000008007328                SPI1_IRQHandler
                0x0000000008007328                TIM6_DAC_IRQHandler
                0x0000000008007328                TIM1_BRK_TIM9_IRQHandler
                0x0000000008007328                DCMI_IRQHandler
                0x0000000008007328                CAN2_RX0_IRQHandler
                0x0000000008007328                DMA2_Stream3_IRQHandler
                0x0000000008007328                SAI2_IRQHandler
                0x0000000008007328                DFSDM1_FLT3_IRQHandler
                0x0000000008007328                USART6_IRQHandler
                0x0000000008007328                CAN3_RX0_IRQHandler
                0x0000000008007328                USART3_IRQHandler
                0x0000000008007328                CAN1_RX1_IRQHandler
                0x0000000008007328                UART5_IRQHandler
                0x0000000008007328                DMA2_Stream0_IRQHandler
                0x0000000008007328                TIM4_IRQHandler
                0x0000000008007328                QUADSPI_IRQHandler
                0x0000000008007328                I2C1_EV_IRQHandler
                0x0000000008007328                DMA1_Stream6_IRQHandler
                0x0000000008007328                DMA1_Stream1_IRQHandler
                0x0000000008007328                UART4_IRQHandler
                0x0000000008007328                TIM3_IRQHandler
                0x0000000008007328                RCC_IRQHandler
                0x0000000008007328                TIM8_BRK_TIM12_IRQHandler
                0x0000000008007328                Default_Handler
                0x0000000008007328                CEC_IRQHandler
                0x0000000008007328                EXTI15_10_IRQHandler
                0x0000000008007328                ADC_IRQHandler
                0x0000000008007328                DMA1_Stream7_IRQHandler
                0x0000000008007328                SPI5_IRQHandler
                0x0000000008007328                TIM7_IRQHandler
                0x0000000008007328                SDMMC1_IRQHandler
                0x0000000008007328                CAN2_TX_IRQHandler
                0x0000000008007328                TIM5_IRQHandler
                0x0000000008007328                DMA2_Stream7_IRQHandler
                0x0000000008007328                I2C3_EV_IRQHandler
                0x0000000008007328                EXTI9_5_IRQHandler
                0x0000000008007328                RTC_WKUP_IRQHandler
                0x0000000008007328                LTDC_IRQHandler
                0x0000000008007328                ETH_WKUP_IRQHandler
                0x0000000008007328                SPDIF_RX_IRQHandler
                0x0000000008007328                SPI2_IRQHandler
                0x0000000008007328                OTG_HS_EP1_IN_IRQHandler
                0x0000000008007328                MemManage_Handler
                0x0000000008007328                DMA1_Stream0_IRQHandler
                0x0000000008007328                CAN1_TX_IRQHandler
                0x0000000008007328                SVC_Handler
                0x0000000008007328                EXTI4_IRQHandler
                0x0000000008007328                RNG_IRQHandler
                0x0000000008007328                DSI_IRQHandler
                0x0000000008007328                ETH_IRQHandler
                0x0000000008007328                OTG_HS_EP1_OUT_IRQHandler
                0x0000000008007328                WWDG_IRQHandler
                0x0000000008007328                SPI6_IRQHandler
                0x0000000008007328                MDIOS_IRQHandler
                0x0000000008007328                I2C4_EV_IRQHandler
                0x0000000008007328                CAN3_TX_IRQHandler
                0x0000000008007328                TIM2_IRQHandler
                0x0000000008007328                OTG_FS_WKUP_IRQHandler
                0x0000000008007328                TIM1_TRG_COM_TIM11_IRQHandler
                0x0000000008007328                OTG_HS_IRQHandler
                0x0000000008007328                DMA2D_IRQHandler
                0x0000000008007328                EXTI1_IRQHandler
                0x0000000008007328                SDMMC2_IRQHandler
                0x0000000008007328                UART7_IRQHandler
                0x0000000008007328                USART2_IRQHandler
                0x0000000008007328                DFSDM1_FLT0_IRQHandler
                0x0000000008007328                I2C2_ER_IRQHandler
                0x0000000008007328                DMA2_Stream1_IRQHandler
                0x0000000008007328                CAN1_SCE_IRQHandler
                0x0000000008007328                FLASH_IRQHandler
                0x0000000008007328                DMA2_Stream4_IRQHandler
                0x0000000008007328                BusFault_Handler
                0x0000000008007328                USART1_IRQHandler
                0x0000000008007328                OTG_FS_IRQHandler
                0x0000000008007328                SPI3_IRQHandler
                0x0000000008007328                DMA1_Stream4_IRQHandler
                0x0000000008007328                I2C1_ER_IRQHandler
                0x0000000008007328                FMC_IRQHandler
                0x0000000008007328                LPTIM1_IRQHandler
                0x0000000008007328                I2C4_ER_IRQHandler
                0x0000000008007328                DMA2_Stream6_IRQHandler
                0x0000000008007328                SAI1_IRQHandler
                0x0000000008007328                RTC_Alarm_IRQHandler
 *fill*         0x000000000800732a        0x2 
 .text.__errno  0x000000000800732c        0xc /Applications/Ac6/SystemWorkbench.app/Contents/Eclipse/plugins/fr.ac6.mcu.externaltools.arm-none.macos64_1.13.1.201703061524/tools/compiler/bin/../lib/gcc/arm-none-eabi/5.4.1/../../../../arm-none-eabi/lib/armv7e-m/fpu/fpv5-d16/libc_nano.a(lib_a-errno.o)
                0x000000000800732c                __errno
 .text.__libc_init_array
                0x0000000008007338       0x4c /Applications/Ac6/SystemWorkbench.app/Contents/Eclipse/plugins/fr.ac6.mcu.externaltools.arm-none.macos64_1.13.1.201703061524/tools/compiler/bin/../lib/gcc/arm-none-eabi/5.4.1/../../../../arm-none-eabi/lib/armv7e-m/fpu/fpv5-d16/libc_nano.a(lib_a-init.o)
                0x0000000008007338                __libc_init_array
 .text.malloc   0x0000000008007384       0x10 /Applications/Ac6/SystemWorkbench.app/Contents/Eclipse/plugins/fr.ac6.mcu.externaltools.arm-none.macos64_1.13.1.201703061524/tools/compiler/bin/../lib/gcc/arm-none-eabi/5.4.1/../../../../arm-none-eabi/lib/armv7e-m/fpu/fpv5-d16/libc_nano.a(lib_a-malloc.o)
                0x0000000008007384                malloc
 .text.free     0x0000000008007394       0x10 /Applications/Ac6/SystemWorkbench.app/Contents/Eclipse/plugins/fr.ac6.mcu.externaltools.arm-none.macos64_1.13.1.201703061524/tools/compiler/bin/../lib/gcc/arm-none-eabi/5.4.1/../../../../arm-none-eabi/lib/armv7e-m/fpu/fpv5-d16/libc_nano.a(lib_a-malloc.o)
                0x0000000008007394                free
 .text.memset   0x00000000080073a4       0x10 /Applications/Ac6/SystemWorkbench.app/Contents/Eclipse/plugins/fr.ac6.mcu.externaltools.arm-none.macos64_1.13.1.201703061524/tools/compiler/bin/../lib/gcc/arm-none-eabi/5.4.1/../../../../arm-none-eabi/lib/armv7e-m/fpu/fpv5-d16/libc_nano.a(lib_a-memset.o)
                0x00000000080073a4                memset
 .text._free_r  0x00000000080073b4       0x9c /Applications/Ac6/SystemWorkbench.app/Contents/Eclipse/plugins/fr.ac6.mcu.externaltools.arm-none.macos64_1.13.1.201703061524/tools/compiler/bin/../lib/gcc/arm-none-eabi/5.4.1/../../../../arm-none-eabi/lib/armv7e-m/fpu/fpv5-d16/libc_nano.a(lib_a-nano-freer.o)
                0x00000000080073b4                _free_r
 .text._malloc_r
                0x0000000008007450       0xbc /Applications/Ac6/SystemWorkbench.app/Contents/Eclipse/plugins/fr.ac6.mcu.externaltools.arm-none.macos64_1.13.1.201703061524/tools/compiler/bin/../lib/gcc/arm-none-eabi/5.4.1/../../../../arm-none-eabi/lib/armv7e-m/fpu/fpv5-d16/libc_nano.a(lib_a-nano-mallocr.o)
                0x0000000008007450                _malloc_r
 .text.printf   0x000000000800750c       0x30 /Applications/Ac6/SystemWorkbench.app/Contents/Eclipse/plugins/fr.ac6.mcu.externaltools.arm-none.macos64_1.13.1.201703061524/tools/compiler/bin/../lib/gcc/arm-none-eabi/5.4.1/../../../../arm-none-eabi/lib/armv7e-m/fpu/fpv5-d16/libc_nano.a(lib_a-printf.o)
                0x000000000800750c                printf
                0x000000000800750c                iprintf
 .text._puts_r  0x000000000800753c       0xb4 /Applications/Ac6/SystemWorkbench.app/Contents/Eclipse/plugins/fr.ac6.mcu.externaltools.arm-none.macos64_1.13.1.201703061524/tools/compiler/bin/../lib/gcc/arm-none-eabi/5.4.1/../../../../arm-none-eabi/lib/armv7e-m/fpu/fpv5-d16/libc_nano.a(lib_a-puts.o)
                0x000000000800753c                _puts_r
 .text.puts     0x00000000080075f0       0x10 /Applications/Ac6/SystemWorkbench.app/Contents/Eclipse/plugins/fr.ac6.mcu.externaltools.arm-none.macos64_1.13.1.201703061524/tools/compiler/bin/../lib/gcc/arm-none-eabi/5.4.1/../../../../arm-none-eabi/lib/armv7e-m/fpu/fpv5-d16/libc_nano.a(lib_a-puts.o)
                0x00000000080075f0                puts
 .text._sbrk_r  0x0000000008007600       0x20 /Applications/Ac6/SystemWorkbench.app/Contents/Eclipse/plugins/fr.ac6.mcu.externaltools.arm-none.macos64_1.13.1.201703061524/tools/compiler/bin/../lib/gcc/arm-none-eabi/5.4.1/../../../../arm-none-eabi/lib/armv7e-m/fpu/fpv5-d16/libc_nano.a(lib_a-sbrkr.o)
                0x0000000008007600                _sbrk_r
 .text.sprintf  0x0000000008007620       0x48 /Applications/Ac6/SystemWorkbench.app/Contents/Eclipse/plugins/fr.ac6.mcu.externaltools.arm-none.macos64_1.13.1.201703061524/tools/compiler/bin/../lib/gcc/arm-none-eabi/5.4.1/../../../../arm-none-eabi/lib/armv7e-m/fpu/fpv5-d16/libc_nano.a(lib_a-sprintf.o)
                0x0000000008007620                sprintf
                0x0000000008007620                siprintf
 .text.strcpy   0x0000000008007668       0x10 /Applications/Ac6/SystemWorkbench.app/Contents/Eclipse/plugins/fr.ac6.mcu.externaltools.arm-none.macos64_1.13.1.201703061524/tools/compiler/bin/../lib/gcc/arm-none-eabi/5.4.1/../../../../arm-none-eabi/lib/armv7e-m/fpu/fpv5-d16/libc_nano.a(lib_a-strcpy.o)
                0x0000000008007668                strcpy
 .text.__swbuf_r
                0x0000000008007678       0xa8 /Applications/Ac6/SystemWorkbench.app/Contents/Eclipse/plugins/fr.ac6.mcu.externaltools.arm-none.macos64_1.13.1.201703061524/tools/compiler/bin/../lib/gcc/arm-none-eabi/5.4.1/../../../../arm-none-eabi/lib/armv7e-m/fpu/fpv5-d16/libc_nano.a(lib_a-wbuf.o)
                0x0000000008007678                __swbuf_r
 .text.__swsetup_r
                0x0000000008007720       0xdc /Applications/Ac6/SystemWorkbench.app/Contents/Eclipse/plugins/fr.ac6.mcu.externaltools.arm-none.macos64_1.13.1.201703061524/tools/compiler/bin/../lib/gcc/arm-none-eabi/5.4.1/../../../../arm-none-eabi/lib/armv7e-m/fpu/fpv5-d16/libc_nano.a(lib_a-wsetup.o)
                0x0000000008007720                __swsetup_r
 .text.__sflush_r
                0x00000000080077fc      0x110 /Applications/Ac6/SystemWorkbench.app/Contents/Eclipse/plugins/fr.ac6.mcu.externaltools.arm-none.macos64_1.13.1.201703061524/tools/compiler/bin/../lib/gcc/arm-none-eabi/5.4.1/../../../../arm-none-eabi/lib/armv7e-m/fpu/fpv5-d16/libc_nano.a(lib_a-fflush.o)
                0x00000000080077fc                __sflush_r
 .text._fflush_r
                0x000000000800790c       0x54 /Applications/Ac6/SystemWorkbench.app/Contents/Eclipse/plugins/fr.ac6.mcu.externaltools.arm-none.macos64_1.13.1.201703061524/tools/compiler/bin/../lib/gcc/arm-none-eabi/5.4.1/../../../../arm-none-eabi/lib/armv7e-m/fpu/fpv5-d16/libc_nano.a(lib_a-fflush.o)
                0x000000000800790c                _fflush_r
 .text._cleanup_r
                0x0000000008007960        0xc /Applications/Ac6/SystemWorkbench.app/Contents/Eclipse/plugins/fr.ac6.mcu.externaltools.arm-none.macos64_1.13.1.201703061524/tools/compiler/bin/../lib/gcc/arm-none-eabi/5.4.1/../../../../arm-none-eabi/lib/armv7e-m/fpu/fpv5-d16/libc_nano.a(lib_a-findfp.o)
                0x0000000008007960                _cleanup_r
 .text.std.isra.0
                0x000000000800796c       0x48 /Applications/Ac6/SystemWorkbench.app/Contents/Eclipse/plugins/fr.ac6.mcu.externaltools.arm-none.macos64_1.13.1.201703061524/tools/compiler/bin/../lib/gcc/arm-none-eabi/5.4.1/../../../../arm-none-eabi/lib/armv7e-m/fpu/fpv5-d16/libc_nano.a(lib_a-findfp.o)
 .text.__sfmoreglue
                0x00000000080079b4       0x2c /Applications/Ac6/SystemWorkbench.app/Contents/Eclipse/plugins/fr.ac6.mcu.externaltools.arm-none.macos64_1.13.1.201703061524/tools/compiler/bin/../lib/gcc/arm-none-eabi/5.4.1/../../../../arm-none-eabi/lib/armv7e-m/fpu/fpv5-d16/libc_nano.a(lib_a-findfp.o)
                0x00000000080079b4                __sfmoreglue
 .text.__sinit  0x00000000080079e0       0x60 /Applications/Ac6/SystemWorkbench.app/Contents/Eclipse/plugins/fr.ac6.mcu.externaltools.arm-none.macos64_1.13.1.201703061524/tools/compiler/bin/../lib/gcc/arm-none-eabi/5.4.1/../../../../arm-none-eabi/lib/armv7e-m/fpu/fpv5-d16/libc_nano.a(lib_a-findfp.o)
                0x00000000080079e0                __sinit
 .text.__sfp    0x0000000008007a40       0x78 /Applications/Ac6/SystemWorkbench.app/Contents/Eclipse/plugins/fr.ac6.mcu.externaltools.arm-none.macos64_1.13.1.201703061524/tools/compiler/bin/../lib/gcc/arm-none-eabi/5.4.1/../../../../arm-none-eabi/lib/armv7e-m/fpu/fpv5-d16/libc_nano.a(lib_a-findfp.o)
                0x0000000008007a40                __sfp
 .text._fwalk_reent
                0x0000000008007ab8       0x3c /Applications/Ac6/SystemWorkbench.app/Contents/Eclipse/plugins/fr.ac6.mcu.externaltools.arm-none.macos64_1.13.1.201703061524/tools/compiler/bin/../lib/gcc/arm-none-eabi/5.4.1/../../../../arm-none-eabi/lib/armv7e-m/fpu/fpv5-d16/libc_nano.a(lib_a-fwalk.o)
                0x0000000008007ab8                _fwalk_reent
 .text.__swhatbuf_r
                0x0000000008007af4       0x46 /Applications/Ac6/SystemWorkbench.app/Contents/Eclipse/plugins/fr.ac6.mcu.externaltools.arm-none.macos64_1.13.1.201703061524/tools/compiler/bin/../lib/gcc/arm-none-eabi/5.4.1/../../../../arm-none-eabi/lib/armv7e-m/fpu/fpv5-d16/libc_nano.a(lib_a-makebuf.o)
                0x0000000008007af4                __swhatbuf_r
 *fill*         0x0000000008007b3a        0x2 
 .text.__smakebuf_r
                0x0000000008007b3c       0x78 /Applications/Ac6/SystemWorkbench.app/Contents/Eclipse/plugins/fr.ac6.mcu.externaltools.arm-none.macos64_1.13.1.201703061524/tools/compiler/bin/../lib/gcc/arm-none-eabi/5.4.1/../../../../arm-none-eabi/lib/armv7e-m/fpu/fpv5-d16/libc_nano.a(lib_a-makebuf.o)
                0x0000000008007b3c                __smakebuf_r
 .text.__malloc_lock
                0x0000000008007bb4        0x2 /Applications/Ac6/SystemWorkbench.app/Contents/Eclipse/plugins/fr.ac6.mcu.externaltools.arm-none.macos64_1.13.1.201703061524/tools/compiler/bin/../lib/gcc/arm-none-eabi/5.4.1/../../../../arm-none-eabi/lib/armv7e-m/fpu/fpv5-d16/libc_nano.a(lib_a-mlock.o)
                0x0000000008007bb4                __malloc_lock
 .text.__malloc_unlock
                0x0000000008007bb6        0x2 /Applications/Ac6/SystemWorkbench.app/Contents/Eclipse/plugins/fr.ac6.mcu.externaltools.arm-none.macos64_1.13.1.201703061524/tools/compiler/bin/../lib/gcc/arm-none-eabi/5.4.1/../../../../arm-none-eabi/lib/armv7e-m/fpu/fpv5-d16/libc_nano.a(lib_a-mlock.o)
                0x0000000008007bb6                __malloc_unlock
 .text.__ssputs_r
                0x0000000008007bb8       0xb2 /Applications/Ac6/SystemWorkbench.app/Contents/Eclipse/plugins/fr.ac6.mcu.externaltools.arm-none.macos64_1.13.1.201703061524/tools/compiler/bin/../lib/gcc/arm-none-eabi/5.4.1/../../../../arm-none-eabi/lib/armv7e-m/fpu/fpv5-d16/libc_nano.a(lib_a-nano-svfprintf.o)
                0x0000000008007bb8                __ssputs_r
 *fill*         0x0000000008007c6a        0x2 
 .text._svfprintf_r
                0x0000000008007c6c      0x1e8 /Applications/Ac6/SystemWorkbench.app/Contents/Eclipse/plugins/fr.ac6.mcu.externaltools.arm-none.macos64_1.13.1.201703061524/tools/compiler/bin/../lib/gcc/arm-none-eabi/5.4.1/../../../../arm-none-eabi/lib/armv7e-m/fpu/fpv5-d16/libc_nano.a(lib_a-nano-svfprintf.o)
                0x0000000008007c6c                _svfprintf_r
                0x0000000008007c6c                _svfiprintf_r
 .text.__sfputc_r
                0x0000000008007e54       0x30 /Applications/Ac6/SystemWorkbench.app/Contents/Eclipse/plugins/fr.ac6.mcu.externaltools.arm-none.macos64_1.13.1.201703061524/tools/compiler/bin/../lib/gcc/arm-none-eabi/5.4.1/../../../../arm-none-eabi/lib/armv7e-m/fpu/fpv5-d16/libc_nano.a(lib_a-nano-vfprintf.o)
 .text.__sfputs_r
                0x0000000008007e84       0x24 /Applications/Ac6/SystemWorkbench.app/Contents/Eclipse/plugins/fr.ac6.mcu.externaltools.arm-none.macos64_1.13.1.201703061524/tools/compiler/bin/../lib/gcc/arm-none-eabi/5.4.1/../../../../arm-none-eabi/lib/armv7e-m/fpu/fpv5-d16/libc_nano.a(lib_a-nano-vfprintf.o)
                0x0000000008007e84                __sfputs_r
 .text._vfprintf_r
                0x0000000008007ea8      0x238 /Applications/Ac6/SystemWorkbench.app/Contents/Eclipse/plugins/fr.ac6.mcu.externaltools.arm-none.macos64_1.13.1.201703061524/tools/compiler/bin/../lib/gcc/arm-none-eabi/5.4.1/../../../../arm-none-eabi/lib/armv7e-m/fpu/fpv5-d16/libc_nano.a(lib_a-nano-vfprintf.o)
                0x0000000008007ea8                _vfiprintf_r
                0x0000000008007ea8                _vfprintf_r
 .text._printf_common
                0x00000000080080e0       0xec /Applications/Ac6/SystemWorkbench.app/Contents/Eclipse/plugins/fr.ac6.mcu.externaltools.arm-none.macos64_1.13.1.201703061524/tools/compiler/bin/../lib/gcc/arm-none-eabi/5.4.1/../../../../arm-none-eabi/lib/armv7e-m/fpu/fpv5-d16/libc_nano.a(lib_a-nano-vfprintf_i.o)
                0x00000000080080e0                _printf_common
 .text._printf_i
                0x00000000080081cc      0x24c /Applications/Ac6/SystemWorkbench.app/Contents/Eclipse/plugins/fr.ac6.mcu.externaltools.arm-none.macos64_1.13.1.201703061524/tools/compiler/bin/../lib/gcc/arm-none-eabi/5.4.1/../../../../arm-none-eabi/lib/armv7e-m/fpu/fpv5-d16/libc_nano.a(lib_a-nano-vfprintf_i.o)
                0x00000000080081cc                _printf_i
 .text.__sread  0x0000000008008418       0x22 /Applications/Ac6/SystemWorkbench.app/Contents/Eclipse/plugins/fr.ac6.mcu.externaltools.arm-none.macos64_1.13.1.201703061524/tools/compiler/bin/../lib/gcc/arm-none-eabi/5.4.1/../../../../arm-none-eabi/lib/armv7e-m/fpu/fpv5-d16/libc_nano.a(lib_a-stdio.o)
                0x0000000008008418                __sread
 .text.__swrite
                0x000000000800843a       0x38 /Applications/Ac6/SystemWorkbench.app/Contents/Eclipse/plugins/fr.ac6.mcu.externaltools.arm-none.macos64_1.13.1.201703061524/tools/compiler/bin/../lib/gcc/arm-none-eabi/5.4.1/../../../../arm-none-eabi/lib/armv7e-m/fpu/fpv5-d16/libc_nano.a(lib_a-stdio.o)
                0x000000000800843a                __swrite
 .text.__sseek  0x0000000008008472       0x24 /Applications/Ac6/SystemWorkbench.app/Contents/Eclipse/plugins/fr.ac6.mcu.externaltools.arm-none.macos64_1.13.1.201703061524/tools/compiler/bin/../lib/gcc/arm-none-eabi/5.4.1/../../../../arm-none-eabi/lib/armv7e-m/fpu/fpv5-d16/libc_nano.a(lib_a-stdio.o)
                0x0000000008008472                __sseek
 .text.__sclose
                0x0000000008008496        0x8 /Applications/Ac6/SystemWorkbench.app/Contents/Eclipse/plugins/fr.ac6.mcu.externaltools.arm-none.macos64_1.13.1.201703061524/tools/compiler/bin/../lib/gcc/arm-none-eabi/5.4.1/../../../../arm-none-eabi/lib/armv7e-m/fpu/fpv5-d16/libc_nano.a(lib_a-stdio.o)
                0x0000000008008496                __sclose
 *fill*         0x000000000800849e        0x2 
 .text._write_r
                0x00000000080084a0       0x24 /Applications/Ac6/SystemWorkbench.app/Contents/Eclipse/plugins/fr.ac6.mcu.externaltools.arm-none.macos64_1.13.1.201703061524/tools/compiler/bin/../lib/gcc/arm-none-eabi/5.4.1/../../../../arm-none-eabi/lib/armv7e-m/fpu/fpv5-d16/libc_nano.a(lib_a-writer.o)
                0x00000000080084a0                _write_r
 .text._close_r
                0x00000000080084c4       0x20 /Applications/Ac6/SystemWorkbench.app/Contents/Eclipse/plugins/fr.ac6.mcu.externaltools.arm-none.macos64_1.13.1.201703061524/tools/compiler/bin/../lib/gcc/arm-none-eabi/5.4.1/../../../../arm-none-eabi/lib/armv7e-m/fpu/fpv5-d16/libc_nano.a(lib_a-closer.o)
                0x00000000080084c4                _close_r
 .text._fstat_r
                0x00000000080084e4       0x24 /Applications/Ac6/SystemWorkbench.app/Contents/Eclipse/plugins/fr.ac6.mcu.externaltools.arm-none.macos64_1.13.1.201703061524/tools/compiler/bin/../lib/gcc/arm-none-eabi/5.4.1/../../../../arm-none-eabi/lib/armv7e-m/fpu/fpv5-d16/libc_nano.a(lib_a-fstatr.o)
                0x00000000080084e4                _fstat_r
 .text._isatty_r
                0x0000000008008508       0x20 /Applications/Ac6/SystemWorkbench.app/Contents/Eclipse/plugins/fr.ac6.mcu.externaltools.arm-none.macos64_1.13.1.201703061524/tools/compiler/bin/../lib/gcc/arm-none-eabi/5.4.1/../../../../arm-none-eabi/lib/armv7e-m/fpu/fpv5-d16/libc_nano.a(lib_a-isattyr.o)
                0x0000000008008508                _isatty_r
 .text._lseek_r
                0x0000000008008528       0x24 /Applications/Ac6/SystemWorkbench.app/Contents/Eclipse/plugins/fr.ac6.mcu.externaltools.arm-none.macos64_1.13.1.201703061524/tools/compiler/bin/../lib/gcc/arm-none-eabi/5.4.1/../../../../arm-none-eabi/lib/armv7e-m/fpu/fpv5-d16/libc_nano.a(lib_a-lseekr.o)
                0x0000000008008528                _lseek_r
 .text.memcpy   0x000000000800854c       0x16 /Applications/Ac6/SystemWorkbench.app/Contents/Eclipse/plugins/fr.ac6.mcu.externaltools.arm-none.macos64_1.13.1.201703061524/tools/compiler/bin/../lib/gcc/arm-none-eabi/5.4.1/../../../../arm-none-eabi/lib/armv7e-m/fpu/fpv5-d16/libc_nano.a(lib_a-memcpy-stub.o)
                0x000000000800854c                memcpy
 .text.memmove  0x0000000008008562       0x36 /Applications/Ac6/SystemWorkbench.app/Contents/Eclipse/plugins/fr.ac6.mcu.externaltools.arm-none.macos64_1.13.1.201703061524/tools/compiler/bin/../lib/gcc/arm-none-eabi/5.4.1/../../../../arm-none-eabi/lib/armv7e-m/fpu/fpv5-d16/libc_nano.a(lib_a-memmove.o)
                0x0000000008008562                memmove
 .text._realloc_r
                0x0000000008008598       0x4c /Applications/Ac6/SystemWorkbench.app/Contents/Eclipse/plugins/fr.ac6.mcu.externaltools.arm-none.macos64_1.13.1.201703061524/tools/compiler/bin/../lib/gcc/arm-none-eabi/5.4.1/../../../../arm-none-eabi/lib/armv7e-m/fpu/fpv5-d16/libc_nano.a(lib_a-nano-reallocr.o)
                0x0000000008008598                _realloc_r
 .text._read_r  0x00000000080085e4       0x24 /Applications/Ac6/SystemWorkbench.app/Contents/Eclipse/plugins/fr.ac6.mcu.externaltools.arm-none.macos64_1.13.1.201703061524/tools/compiler/bin/../lib/gcc/arm-none-eabi/5.4.1/../../../../arm-none-eabi/lib/armv7e-m/fpu/fpv5-d16/libc_nano.a(lib_a-readr.o)
                0x00000000080085e4                _read_r
 .text._malloc_usable_size_r
                0x0000000008008608       0x14 /Applications/Ac6/SystemWorkbench.app/Contents/Eclipse/plugins/fr.ac6.mcu.externaltools.arm-none.macos64_1.13.1.201703061524/tools/compiler/bin/../lib/gcc/arm-none-eabi/5.4.1/../../../../arm-none-eabi/lib/armv7e-m/fpu/fpv5-d16/libc_nano.a(lib_a-nano-msizer.o)
                0x0000000008008608                _malloc_usable_size_r
 *(.glue_7)
 .glue_7        0x000000000800861c        0x0 linker stubs
 *(.glue_7t)
 .glue_7t       0x000000000800861c        0x0 linker stubs
 *(.eh_frame)
 .eh_frame      0x000000000800861c        0x0 /Applications/Ac6/SystemWorkbench.app/Contents/Eclipse/plugins/fr.ac6.mcu.externaltools.arm-none.macos64_1.13.1.201703061524/tools/compiler/bin/../lib/gcc/arm-none-eabi/5.4.1/armv7e-m/fpu/fpv5-d16/crtbegin.o
 *(.init)
 .init          0x000000000800861c        0x4 /Applications/Ac6/SystemWorkbench.app/Contents/Eclipse/plugins/fr.ac6.mcu.externaltools.arm-none.macos64_1.13.1.201703061524/tools/compiler/bin/../lib/gcc/arm-none-eabi/5.4.1/armv7e-m/fpu/fpv5-d16/crti.o
                0x000000000800861c                _init
 .init          0x0000000008008620        0x8 /Applications/Ac6/SystemWorkbench.app/Contents/Eclipse/plugins/fr.ac6.mcu.externaltools.arm-none.macos64_1.13.1.201703061524/tools/compiler/bin/../lib/gcc/arm-none-eabi/5.4.1/armv7e-m/fpu/fpv5-d16/crtn.o
 *(.fini)
 .fini          0x0000000008008628        0x4 /Applications/Ac6/SystemWorkbench.app/Contents/Eclipse/plugins/fr.ac6.mcu.externaltools.arm-none.macos64_1.13.1.201703061524/tools/compiler/bin/../lib/gcc/arm-none-eabi/5.4.1/armv7e-m/fpu/fpv5-d16/crti.o
                0x0000000008008628                _fini
 .fini          0x000000000800862c        0x8 /Applications/Ac6/SystemWorkbench.app/Contents/Eclipse/plugins/fr.ac6.mcu.externaltools.arm-none.macos64_1.13.1.201703061524/tools/compiler/bin/../lib/gcc/arm-none-eabi/5.4.1/armv7e-m/fpu/fpv5-d16/crtn.o
                0x0000000008008634                . = ALIGN (0x4)
                0x0000000008008634                _etext = .

.vfp11_veneer   0x0000000008008634        0x0
 .vfp11_veneer  0x0000000008008634        0x0 linker stubs

.v4_bx          0x0000000008008634        0x0
 .v4_bx         0x0000000008008634        0x0 linker stubs

.iplt           0x0000000008008634        0x0
 .iplt          0x0000000008008634        0x0 /Applications/Ac6/SystemWorkbench.app/Contents/Eclipse/plugins/fr.ac6.mcu.externaltools.arm-none.macos64_1.13.1.201703061524/tools/compiler/bin/../lib/gcc/arm-none-eabi/5.4.1/armv7e-m/fpu/fpv5-d16/crtbegin.o

.rodata         0x0000000008008634      0x604
                0x0000000008008634                . = ALIGN (0x4)
 *(.rodata)
 .rodata        0x0000000008008634        0x8 Drivers/STM32F7xx_HAL_Driver/Src/stm32f7xx_hal_dma.o
 .rodata        0x000000000800863c       0xae Middlewares/Third_Party/FatFs/src/ff.o
 *fill*         0x00000000080086ea        0x2 
 .rodata        0x00000000080086ec       0x14 Middlewares/Third_Party/FatFs/src/drivers/sd_diskio.o
                0x00000000080086ec                SD_Driver
 .rodata        0x0000000008008700        0x2 Src/fatfs_storage.o
                0x0000000008008700                SlidesCheck
 *fill*         0x0000000008008702        0x2 
 .rodata        0x0000000008008704       0x18 Src/system_stm32f7xx.o
                0x0000000008008704                AHBPrescTable
                0x0000000008008714                APBPrescTable
 *(.rodata*)
 .rodata.str1.4
                0x000000000800871c       0x44 Middlewares/Third_Party/FatFs/src/ff.o
 .rodata.str1.4
                0x0000000008008760       0x44 Src/fatfs_storage.o
                                          0x1 (size before relaxing)
 .rodata.str1.4
                0x0000000008008760      0x440 Src/main.o
                                        0x468 (size before relaxing)
 .rodata._global_impure_ptr
                0x0000000008008ba0        0x4 /Applications/Ac6/SystemWorkbench.app/Contents/Eclipse/plugins/fr.ac6.mcu.externaltools.arm-none.macos64_1.13.1.201703061524/tools/compiler/bin/../lib/gcc/arm-none-eabi/5.4.1/../../../../arm-none-eabi/lib/armv7e-m/fpu/fpv5-d16/libc_nano.a(lib_a-impure.o)
                0x0000000008008ba0                _global_impure_ptr
 .rodata.__sf_fake_stdin
                0x0000000008008ba4       0x20 /Applications/Ac6/SystemWorkbench.app/Contents/Eclipse/plugins/fr.ac6.mcu.externaltools.arm-none.macos64_1.13.1.201703061524/tools/compiler/bin/../lib/gcc/arm-none-eabi/5.4.1/../../../../arm-none-eabi/lib/armv7e-m/fpu/fpv5-d16/libc_nano.a(lib_a-findfp.o)
                0x0000000008008ba4                __sf_fake_stdin
 .rodata.__sf_fake_stdout
                0x0000000008008bc4       0x20 /Applications/Ac6/SystemWorkbench.app/Contents/Eclipse/plugins/fr.ac6.mcu.externaltools.arm-none.macos64_1.13.1.201703061524/tools/compiler/bin/../lib/gcc/arm-none-eabi/5.4.1/../../../../arm-none-eabi/lib/armv7e-m/fpu/fpv5-d16/libc_nano.a(lib_a-findfp.o)
                0x0000000008008bc4                __sf_fake_stdout
 .rodata.__sf_fake_stderr
                0x0000000008008be4       0x20 /Applications/Ac6/SystemWorkbench.app/Contents/Eclipse/plugins/fr.ac6.mcu.externaltools.arm-none.macos64_1.13.1.201703061524/tools/compiler/bin/../lib/gcc/arm-none-eabi/5.4.1/../../../../arm-none-eabi/lib/armv7e-m/fpu/fpv5-d16/libc_nano.a(lib_a-findfp.o)
                0x0000000008008be4                __sf_fake_stderr
 .rodata.str1.1
                0x0000000008008c04       0x11 /Applications/Ac6/SystemWorkbench.app/Contents/Eclipse/plugins/fr.ac6.mcu.externaltools.arm-none.macos64_1.13.1.201703061524/tools/compiler/bin/../lib/gcc/arm-none-eabi/5.4.1/../../../../arm-none-eabi/lib/armv7e-m/fpu/fpv5-d16/libc_nano.a(lib_a-nano-svfprintf.o)
 .rodata.str1.1
                0x0000000008008c15       0x11 /Applications/Ac6/SystemWorkbench.app/Contents/Eclipse/plugins/fr.ac6.mcu.externaltools.arm-none.macos64_1.13.1.201703061524/tools/compiler/bin/../lib/gcc/arm-none-eabi/5.4.1/../../../../arm-none-eabi/lib/armv7e-m/fpu/fpv5-d16/libc_nano.a(lib_a-nano-vfprintf.o)
 .rodata.str1.1
                0x0000000008008c15       0x22 /Applications/Ac6/SystemWorkbench.app/Contents/Eclipse/plugins/fr.ac6.mcu.externaltools.arm-none.macos64_1.13.1.201703061524/tools/compiler/bin/../lib/gcc/arm-none-eabi/5.4.1/../../../../arm-none-eabi/lib/armv7e-m/fpu/fpv5-d16/libc_nano.a(lib_a-nano-vfprintf_i.o)
                0x0000000008008c38                . = ALIGN (0x4)
 *fill*         0x0000000008008c37        0x1 

.rel.dyn        0x0000000008008c38        0x0
 .rel.iplt      0x0000000008008c38        0x0 /Applications/Ac6/SystemWorkbench.app/Contents/Eclipse/plugins/fr.ac6.mcu.externaltools.arm-none.macos64_1.13.1.201703061524/tools/compiler/bin/../lib/gcc/arm-none-eabi/5.4.1/armv7e-m/fpu/fpv5-d16/crtbegin.o

.ARM.extab
 *(.ARM.extab* .gnu.linkonce.armextab.*)

.ARM            0x0000000008008c38        0x0
                0x0000000008008c38                __exidx_start = .
 *(.ARM.exidx*)
                0x0000000008008c38                __exidx_end = .

.preinit_array  0x0000000008008c38        0x0
                0x0000000008008c38                PROVIDE (__preinit_array_start, .)
 *(.preinit_array*)
                0x0000000008008c38                PROVIDE (__preinit_array_end, .)

.init_array     0x0000000008008c38        0x4
                0x0000000008008c38                PROVIDE (__init_array_start, .)
 *(SORT(.init_array.*))
 *(.init_array*)
 .init_array    0x0000000008008c38        0x4 /Applications/Ac6/SystemWorkbench.app/Contents/Eclipse/plugins/fr.ac6.mcu.externaltools.arm-none.macos64_1.13.1.201703061524/tools/compiler/bin/../lib/gcc/arm-none-eabi/5.4.1/armv7e-m/fpu/fpv5-d16/crtbegin.o
                0x0000000008008c3c                PROVIDE (__init_array_end, .)

.fini_array     0x0000000008008c3c        0x4
                [!provide]                        PROVIDE (__fini_array_start, .)
 *(SORT(.fini_array.*))
 *(.fini_array*)
 .fini_array    0x0000000008008c3c        0x4 /Applications/Ac6/SystemWorkbench.app/Contents/Eclipse/plugins/fr.ac6.mcu.externaltools.arm-none.macos64_1.13.1.201703061524/tools/compiler/bin/../lib/gcc/arm-none-eabi/5.4.1/armv7e-m/fpu/fpv5-d16/crtbegin.o
                [!provide]                        PROVIDE (__fini_array_end, .)
                0x0000000008008c40                _sidata = LOADADDR (.data)

.data           0x0000000020000000       0x80 load address 0x0000000008008c40
                0x0000000020000000                . = ALIGN (0x4)
                0x0000000020000000                _sdata = .
 *(.data)
 .data          0x0000000020000000       0x14 Drivers/BSP/STM32F769I-Discovery/stm32f769i_discovery.o
                0x0000000020000000                GPIO_PIN
                0x0000000020000008                GPIO_PORT
                0x0000000020000010                BUTTON_PORT
 .data          0x0000000020000014        0x2 Drivers/BSP/STM32F769I-Discovery/stm32f769i_discovery_sdram.o
 .data          0x0000000020000016        0x1 Middlewares/Third_Party/FatFs/src/drivers/sd_diskio.o
 *fill*         0x0000000020000017        0x1 
 .data          0x0000000020000018        0x4 Src/system_stm32f7xx.o
                0x0000000020000018                SystemCoreClock
 *(.data*)
 .data.impure_data
                0x000000002000001c       0x60 /Applications/Ac6/SystemWorkbench.app/Contents/Eclipse/plugins/fr.ac6.mcu.externaltools.arm-none.macos64_1.13.1.201703061524/tools/compiler/bin/../lib/gcc/arm-none-eabi/5.4.1/../../../../arm-none-eabi/lib/armv7e-m/fpu/fpv5-d16/libc_nano.a(lib_a-impure.o)
 .data._impure_ptr
                0x000000002000007c        0x4 /Applications/Ac6/SystemWorkbench.app/Contents/Eclipse/plugins/fr.ac6.mcu.externaltools.arm-none.macos64_1.13.1.201703061524/tools/compiler/bin/../lib/gcc/arm-none-eabi/5.4.1/../../../../arm-none-eabi/lib/armv7e-m/fpu/fpv5-d16/libc_nano.a(lib_a-impure.o)
                0x000000002000007c                _impure_ptr
                0x0000000020000080                . = ALIGN (0x4)
                0x0000000020000080                _edata = .

.jcr            0x0000000020000080        0x0 load address 0x0000000008008cc0
 .jcr           0x0000000020000080        0x0 /Applications/Ac6/SystemWorkbench.app/Contents/Eclipse/plugins/fr.ac6.mcu.externaltools.arm-none.macos64_1.13.1.201703061524/tools/compiler/bin/../lib/gcc/arm-none-eabi/5.4.1/armv7e-m/fpu/fpv5-d16/crtbegin.o

.igot.plt       0x0000000020000080        0x0 load address 0x0000000008008cc0
 .igot.plt      0x0000000020000080        0x0 /Applications/Ac6/SystemWorkbench.app/Contents/Eclipse/plugins/fr.ac6.mcu.externaltools.arm-none.macos64_1.13.1.201703061524/tools/compiler/bin/../lib/gcc/arm-none-eabi/5.4.1/armv7e-m/fpu/fpv5-d16/crtbegin.o
                0x0000000020000080                . = ALIGN (0x4)

.bss            0x0000000020000080     0x1034 load address 0x0000000008008cc0
                0x0000000020000080                _sbss = .
                0x0000000020000080                __bss_start__ = _sbss
 *(.bss)
 .bss           0x0000000020000080       0x1c /Applications/Ac6/SystemWorkbench.app/Contents/Eclipse/plugins/fr.ac6.mcu.externaltools.arm-none.macos64_1.13.1.201703061524/tools/compiler/bin/../lib/gcc/arm-none-eabi/5.4.1/armv7e-m/fpu/fpv5-d16/crtbegin.o
 .bss           0x000000002000009c      0x180 Drivers/BSP/STM32F769I-Discovery/stm32f769i_discovery_sd.o
 .bss           0x000000002000021c       0xec Drivers/BSP/STM32F769I-Discovery/stm32f769i_discovery_sdram.o
 .bss           0x0000000020000308       0x1e Middlewares/Third_Party/FatFs/src/ff.o
 *fill*         0x0000000020000326        0x2 
 .bss           0x0000000020000328        0xc Middlewares/Third_Party/FatFs/src/ff_gen_drv.o
                0x0000000020000328                disk
 .bss           0x0000000020000334        0x4 Src/fatfs_storage.o
                0x0000000020000334                BytesRead
 .bss           0x0000000020000338       0x54 Src/main.o
                0x0000000020000384                ubNumberOfFiles
                0x0000000020000388                uwBmplen
 .bss           0x000000002000038c        0x8 Src/syscalls.o
                0x0000000020000390                __env
 *(.bss*)
 .bss.__malloc_sbrk_start
                0x0000000020000394        0x4 /Applications/Ac6/SystemWorkbench.app/Contents/Eclipse/plugins/fr.ac6.mcu.externaltools.arm-none.macos64_1.13.1.201703061524/tools/compiler/bin/../lib/gcc/arm-none-eabi/5.4.1/../../../../arm-none-eabi/lib/armv7e-m/fpu/fpv5-d16/libc_nano.a(lib_a-nano-mallocr.o)
                0x0000000020000394                __malloc_sbrk_start
 .bss.__malloc_free_list
                0x0000000020000398        0x4 /Applications/Ac6/SystemWorkbench.app/Contents/Eclipse/plugins/fr.ac6.mcu.externaltools.arm-none.macos64_1.13.1.201703061524/tools/compiler/bin/../lib/gcc/arm-none-eabi/5.4.1/../../../../arm-none-eabi/lib/armv7e-m/fpu/fpv5-d16/libc_nano.a(lib_a-nano-mallocr.o)
                0x0000000020000398                __malloc_free_list
 *(COMMON)
 COMMON         0x000000002000039c       0x4c Drivers/BSP/STM32F769I-Discovery/stm32f769i_discovery_qspi.o
                0x000000002000039c                QSPIHandle
 COMMON         0x00000000200003e8       0x84 Drivers/BSP/STM32F769I-Discovery/stm32f769i_discovery_sd.o
                0x00000000200003e8                uSdHandle
 COMMON         0x000000002000046c       0x34 Drivers/BSP/STM32F769I-Discovery/stm32f769i_discovery_sdram.o
                0x000000002000046c                sdramHandle
 COMMON         0x00000000200004a0        0x4 Drivers/STM32F7xx_HAL_Driver/Src/stm32f7xx_hal.o
                0x00000000200004a0                uwTick
 COMMON         0x00000000200004a4        0x8 Src/fatfs.o
                0x00000000200004a4                retSD
                0x00000000200004a8                SD_Path
 COMMON         0x00000000200004ac      0x894 Src/fatfs_storage.o
                0x00000000200004ac                fno
                0x00000000200004c4                fs
                0x00000000200006f4                sector
                0x00000000200008f4                dir
                0x0000000020000b14                F
 COMMON         0x0000000020000d40      0x300 Src/main.o
                0x0000000020000d40                pSD_Card_State
                0x0000000020000d44                pDirectoryFiles
                0x0000000020000da8                pDirectoryFileSize
                0x0000000020000e0c                uwInternalBuffer
                0x0000000020000e10                SD_FatFs
 COMMON         0x0000000020001040       0x70 Src/usart.o
                0x0000000020001040                huart1
 COMMON         0x00000000200010b0        0x4 /Applications/Ac6/SystemWorkbench.app/Contents/Eclipse/plugins/fr.ac6.mcu.externaltools.arm-none.macos64_1.13.1.201703061524/tools/compiler/bin/../lib/gcc/arm-none-eabi/5.4.1/../../../../arm-none-eabi/lib/armv7e-m/fpu/fpv5-d16/libc_nano.a(lib_a-reent.o)
                0x00000000200010b0                errno
                0x00000000200010b4                . = ALIGN (0x4)
                0x00000000200010b4                _ebss = .
                0x00000000200010b4                __bss_end__ = _ebss

._user_heap_stack
                0x00000000200010b4     0xb004 load address 0x0000000008008cc0
                0x00000000200010b8                . = ALIGN (0x8)
 *fill*         0x00000000200010b4        0x4 
                0x00000000200010b8                PROVIDE (end, .)
                [!provide]                        PROVIDE (_end, .)
                0x000000002000a0b8                . = (. + _Min_Heap_Size)
 *fill*         0x00000000200010b8     0x9000 
                0x000000002000c0b8                . = (. + _Min_Stack_Size)
 *fill*         0x000000002000a0b8     0x2000 
                0x000000002000c0b8                . = ALIGN (0x8)

/DISCARD/
 libc.a(*)
 libm.a(*)
 libgcc.a(*)

.ARM.attributes
                0x0000000000000000       0x2e
 *(.ARM.attributes)
 .ARM.attributes
                0x0000000000000000       0x20 /Applications/Ac6/SystemWorkbench.app/Contents/Eclipse/plugins/fr.ac6.mcu.externaltools.arm-none.macos64_1.13.1.201703061524/tools/compiler/bin/../lib/gcc/arm-none-eabi/5.4.1/armv7e-m/fpu/fpv5-d16/crti.o
 .ARM.attributes
                0x0000000000000020       0x32 /Applications/Ac6/SystemWorkbench.app/Contents/Eclipse/plugins/fr.ac6.mcu.externaltools.arm-none.macos64_1.13.1.201703061524/tools/compiler/bin/../lib/gcc/arm-none-eabi/5.4.1/armv7e-m/fpu/fpv5-d16/crtbegin.o
 .ARM.attributes
                0x0000000000000052       0x37 Drivers/BSP/STM32F769I-Discovery/stm32f769i_discovery.o
 .ARM.attributes
                0x0000000000000089       0x37 Drivers/BSP/STM32F769I-Discovery/stm32f769i_discovery_qspi.o
 .ARM.attributes
                0x00000000000000c0       0x37 Drivers/BSP/STM32F769I-Discovery/stm32f769i_discovery_sd.o
 .ARM.attributes
                0x00000000000000f7       0x37 Drivers/BSP/STM32F769I-Discovery/stm32f769i_discovery_sdram.o
 .ARM.attributes
                0x000000000000012e       0x37 Drivers/STM32F7xx_HAL_Driver/Src/stm32f7xx_hal.o
 .ARM.attributes
                0x0000000000000165       0x37 Drivers/STM32F7xx_HAL_Driver/Src/stm32f7xx_hal_cortex.o
 .ARM.attributes
                0x000000000000019c       0x37 Drivers/STM32F7xx_HAL_Driver/Src/stm32f7xx_hal_dma.o
 .ARM.attributes
                0x00000000000001d3       0x37 Drivers/STM32F7xx_HAL_Driver/Src/stm32f7xx_hal_gpio.o
 .ARM.attributes
                0x000000000000020a       0x37 Drivers/STM32F7xx_HAL_Driver/Src/stm32f7xx_hal_pwr_ex.o
 .ARM.attributes
                0x0000000000000241       0x37 Drivers/STM32F7xx_HAL_Driver/Src/stm32f7xx_hal_qspi.o
 .ARM.attributes
                0x0000000000000278       0x37 Drivers/STM32F7xx_HAL_Driver/Src/stm32f7xx_hal_rcc.o
 .ARM.attributes
                0x00000000000002af       0x37 Drivers/STM32F7xx_HAL_Driver/Src/stm32f7xx_hal_rcc_ex.o
 .ARM.attributes
                0x00000000000002e6       0x37 Drivers/STM32F7xx_HAL_Driver/Src/stm32f7xx_hal_sd.o
 .ARM.attributes
                0x000000000000031d       0x37 Drivers/STM32F7xx_HAL_Driver/Src/stm32f7xx_hal_sdram.o
 .ARM.attributes
                0x0000000000000354       0x37 Drivers/STM32F7xx_HAL_Driver/Src/stm32f7xx_hal_uart.o
 .ARM.attributes
                0x000000000000038b       0x37 Drivers/STM32F7xx_HAL_Driver/Src/stm32f7xx_ll_fmc.o
 .ARM.attributes
                0x00000000000003c2       0x37 Drivers/STM32F7xx_HAL_Driver/Src/stm32f7xx_ll_sdmmc.o
 .ARM.attributes
                0x00000000000003f9       0x37 Middlewares/Third_Party/FatFs/src/diskio.o
 .ARM.attributes
                0x0000000000000430       0x37 Middlewares/Third_Party/FatFs/src/ff.o
 .ARM.attributes
                0x0000000000000467       0x37 Middlewares/Third_Party/FatFs/src/ff_gen_drv.o
 .ARM.attributes
                0x000000000000049e       0x37 Middlewares/Third_Party/FatFs/src/drivers/sd_diskio.o
 .ARM.attributes
                0x00000000000004d5       0x37 Src/fatfs.o
 .ARM.attributes
                0x000000000000050c       0x37 Src/fatfs_storage.o
 .ARM.attributes
                0x0000000000000543       0x37 Src/gpio.o
 .ARM.attributes
                0x000000000000057a       0x37 Src/main.o
 .ARM.attributes
                0x00000000000005b1       0x37 Src/sdmmc.o
 .ARM.attributes
                0x00000000000005e8       0x37 Src/stm32f7xx_hal_msp.o
 .ARM.attributes
                0x000000000000061f       0x37 Src/stm32f7xx_it.o
 .ARM.attributes
                0x0000000000000656       0x37 Src/syscalls.o
 .ARM.attributes
                0x000000000000068d       0x37 Src/system_stm32f7xx.o
 .ARM.attributes
                0x00000000000006c4       0x37 Src/usart.o
 .ARM.attributes
                0x00000000000006fb       0x21 startup/startup_stm32f769xx.o
 .ARM.attributes
                0x000000000000071c       0x32 /Applications/Ac6/SystemWorkbench.app/Contents/Eclipse/plugins/fr.ac6.mcu.externaltools.arm-none.macos64_1.13.1.201703061524/tools/compiler/bin/../lib/gcc/arm-none-eabi/5.4.1/../../../../arm-none-eabi/lib/armv7e-m/fpu/fpv5-d16/libc_nano.a(lib_a-errno.o)
 .ARM.attributes
                0x000000000000074e       0x32 /Applications/Ac6/SystemWorkbench.app/Contents/Eclipse/plugins/fr.ac6.mcu.externaltools.arm-none.macos64_1.13.1.201703061524/tools/compiler/bin/../lib/gcc/arm-none-eabi/5.4.1/../../../../arm-none-eabi/lib/armv7e-m/fpu/fpv5-d16/libc_nano.a(lib_a-impure.o)
 .ARM.attributes
                0x0000000000000780       0x32 /Applications/Ac6/SystemWorkbench.app/Contents/Eclipse/plugins/fr.ac6.mcu.externaltools.arm-none.macos64_1.13.1.201703061524/tools/compiler/bin/../lib/gcc/arm-none-eabi/5.4.1/../../../../arm-none-eabi/lib/armv7e-m/fpu/fpv5-d16/libc_nano.a(lib_a-init.o)
 .ARM.attributes
                0x00000000000007b2       0x32 /Applications/Ac6/SystemWorkbench.app/Contents/Eclipse/plugins/fr.ac6.mcu.externaltools.arm-none.macos64_1.13.1.201703061524/tools/compiler/bin/../lib/gcc/arm-none-eabi/5.4.1/../../../../arm-none-eabi/lib/armv7e-m/fpu/fpv5-d16/libc_nano.a(lib_a-malloc.o)
 .ARM.attributes
                0x00000000000007e4       0x32 /Applications/Ac6/SystemWorkbench.app/Contents/Eclipse/plugins/fr.ac6.mcu.externaltools.arm-none.macos64_1.13.1.201703061524/tools/compiler/bin/../lib/gcc/arm-none-eabi/5.4.1/../../../../arm-none-eabi/lib/armv7e-m/fpu/fpv5-d16/libc_nano.a(lib_a-memset.o)
 .ARM.attributes
                0x0000000000000816       0x32 /Applications/Ac6/SystemWorkbench.app/Contents/Eclipse/plugins/fr.ac6.mcu.externaltools.arm-none.macos64_1.13.1.201703061524/tools/compiler/bin/../lib/gcc/arm-none-eabi/5.4.1/../../../../arm-none-eabi/lib/armv7e-m/fpu/fpv5-d16/libc_nano.a(lib_a-nano-freer.o)
 .ARM.attributes
                0x0000000000000848       0x32 /Applications/Ac6/SystemWorkbench.app/Contents/Eclipse/plugins/fr.ac6.mcu.externaltools.arm-none.macos64_1.13.1.201703061524/tools/compiler/bin/../lib/gcc/arm-none-eabi/5.4.1/../../../../arm-none-eabi/lib/armv7e-m/fpu/fpv5-d16/libc_nano.a(lib_a-nano-mallocr.o)
 .ARM.attributes
                0x000000000000087a       0x32 /Applications/Ac6/SystemWorkbench.app/Contents/Eclipse/plugins/fr.ac6.mcu.externaltools.arm-none.macos64_1.13.1.201703061524/tools/compiler/bin/../lib/gcc/arm-none-eabi/5.4.1/../../../../arm-none-eabi/lib/armv7e-m/fpu/fpv5-d16/libc_nano.a(lib_a-printf.o)
 .ARM.attributes
                0x00000000000008ac       0x32 /Applications/Ac6/SystemWorkbench.app/Contents/Eclipse/plugins/fr.ac6.mcu.externaltools.arm-none.macos64_1.13.1.201703061524/tools/compiler/bin/../lib/gcc/arm-none-eabi/5.4.1/../../../../arm-none-eabi/lib/armv7e-m/fpu/fpv5-d16/libc_nano.a(lib_a-puts.o)
 .ARM.attributes
                0x00000000000008de       0x32 /Applications/Ac6/SystemWorkbench.app/Contents/Eclipse/plugins/fr.ac6.mcu.externaltools.arm-none.macos64_1.13.1.201703061524/tools/compiler/bin/../lib/gcc/arm-none-eabi/5.4.1/../../../../arm-none-eabi/lib/armv7e-m/fpu/fpv5-d16/libc_nano.a(lib_a-sbrkr.o)
 .ARM.attributes
                0x0000000000000910       0x32 /Applications/Ac6/SystemWorkbench.app/Contents/Eclipse/plugins/fr.ac6.mcu.externaltools.arm-none.macos64_1.13.1.201703061524/tools/compiler/bin/../lib/gcc/arm-none-eabi/5.4.1/../../../../arm-none-eabi/lib/armv7e-m/fpu/fpv5-d16/libc_nano.a(lib_a-sprintf.o)
 .ARM.attributes
                0x0000000000000942       0x32 /Applications/Ac6/SystemWorkbench.app/Contents/Eclipse/plugins/fr.ac6.mcu.externaltools.arm-none.macos64_1.13.1.201703061524/tools/compiler/bin/../lib/gcc/arm-none-eabi/5.4.1/../../../../arm-none-eabi/lib/armv7e-m/fpu/fpv5-d16/libc_nano.a(lib_a-strcpy.o)
 .ARM.attributes
                0x0000000000000974       0x32 /Applications/Ac6/SystemWorkbench.app/Contents/Eclipse/plugins/fr.ac6.mcu.externaltools.arm-none.macos64_1.13.1.201703061524/tools/compiler/bin/../lib/gcc/arm-none-eabi/5.4.1/../../../../arm-none-eabi/lib/armv7e-m/fpu/fpv5-d16/libc_nano.a(lib_a-wbuf.o)
 .ARM.attributes
                0x00000000000009a6       0x32 /Applications/Ac6/SystemWorkbench.app/Contents/Eclipse/plugins/fr.ac6.mcu.externaltools.arm-none.macos64_1.13.1.201703061524/tools/compiler/bin/../lib/gcc/arm-none-eabi/5.4.1/../../../../arm-none-eabi/lib/armv7e-m/fpu/fpv5-d16/libc_nano.a(lib_a-wsetup.o)
 .ARM.attributes
                0x00000000000009d8       0x32 /Applications/Ac6/SystemWorkbench.app/Contents/Eclipse/plugins/fr.ac6.mcu.externaltools.arm-none.macos64_1.13.1.201703061524/tools/compiler/bin/../lib/gcc/arm-none-eabi/5.4.1/../../../../arm-none-eabi/lib/armv7e-m/fpu/fpv5-d16/libc_nano.a(lib_a-fflush.o)
 .ARM.attributes
                0x0000000000000a0a       0x32 /Applications/Ac6/SystemWorkbench.app/Contents/Eclipse/plugins/fr.ac6.mcu.externaltools.arm-none.macos64_1.13.1.201703061524/tools/compiler/bin/../lib/gcc/arm-none-eabi/5.4.1/../../../../arm-none-eabi/lib/armv7e-m/fpu/fpv5-d16/libc_nano.a(lib_a-findfp.o)
 .ARM.attributes
                0x0000000000000a3c       0x32 /Applications/Ac6/SystemWorkbench.app/Contents/Eclipse/plugins/fr.ac6.mcu.externaltools.arm-none.macos64_1.13.1.201703061524/tools/compiler/bin/../lib/gcc/arm-none-eabi/5.4.1/../../../../arm-none-eabi/lib/armv7e-m/fpu/fpv5-d16/libc_nano.a(lib_a-fwalk.o)
 .ARM.attributes
                0x0000000000000a6e       0x32 /Applications/Ac6/SystemWorkbench.app/Contents/Eclipse/plugins/fr.ac6.mcu.externaltools.arm-none.macos64_1.13.1.201703061524/tools/compiler/bin/../lib/gcc/arm-none-eabi/5.4.1/../../../../arm-none-eabi/lib/armv7e-m/fpu/fpv5-d16/libc_nano.a(lib_a-makebuf.o)
 .ARM.attributes
                0x0000000000000aa0       0x32 /Applications/Ac6/SystemWorkbench.app/Contents/Eclipse/plugins/fr.ac6.mcu.externaltools.arm-none.macos64_1.13.1.201703061524/tools/compiler/bin/../lib/gcc/arm-none-eabi/5.4.1/../../../../arm-none-eabi/lib/armv7e-m/fpu/fpv5-d16/libc_nano.a(lib_a-mlock.o)
 .ARM.attributes
                0x0000000000000ad2       0x32 /Applications/Ac6/SystemWorkbench.app/Contents/Eclipse/plugins/fr.ac6.mcu.externaltools.arm-none.macos64_1.13.1.201703061524/tools/compiler/bin/../lib/gcc/arm-none-eabi/5.4.1/../../../../arm-none-eabi/lib/armv7e-m/fpu/fpv5-d16/libc_nano.a(lib_a-nano-svfprintf.o)
 .ARM.attributes
                0x0000000000000b04       0x32 /Applications/Ac6/SystemWorkbench.app/Contents/Eclipse/plugins/fr.ac6.mcu.externaltools.arm-none.macos64_1.13.1.201703061524/tools/compiler/bin/../lib/gcc/arm-none-eabi/5.4.1/../../../../arm-none-eabi/lib/armv7e-m/fpu/fpv5-d16/libc_nano.a(lib_a-nano-vfprintf.o)
 .ARM.attributes
                0x0000000000000b36       0x32 /Applications/Ac6/SystemWorkbench.app/Contents/Eclipse/plugins/fr.ac6.mcu.externaltools.arm-none.macos64_1.13.1.201703061524/tools/compiler/bin/../lib/gcc/arm-none-eabi/5.4.1/../../../../arm-none-eabi/lib/armv7e-m/fpu/fpv5-d16/libc_nano.a(lib_a-nano-vfprintf_i.o)
 .ARM.attributes
                0x0000000000000b68       0x32 /Applications/Ac6/SystemWorkbench.app/Contents/Eclipse/plugins/fr.ac6.mcu.externaltools.arm-none.macos64_1.13.1.201703061524/tools/compiler/bin/../lib/gcc/arm-none-eabi/5.4.1/../../../../arm-none-eabi/lib/armv7e-m/fpu/fpv5-d16/libc_nano.a(lib_a-reent.o)
 .ARM.attributes
                0x0000000000000b9a       0x32 /Applications/Ac6/SystemWorkbench.app/Contents/Eclipse/plugins/fr.ac6.mcu.externaltools.arm-none.macos64_1.13.1.201703061524/tools/compiler/bin/../lib/gcc/arm-none-eabi/5.4.1/../../../../arm-none-eabi/lib/armv7e-m/fpu/fpv5-d16/libc_nano.a(lib_a-stdio.o)
 .ARM.attributes
                0x0000000000000bcc       0x32 /Applications/Ac6/SystemWorkbench.app/Contents/Eclipse/plugins/fr.ac6.mcu.externaltools.arm-none.macos64_1.13.1.201703061524/tools/compiler/bin/../lib/gcc/arm-none-eabi/5.4.1/../../../../arm-none-eabi/lib/armv7e-m/fpu/fpv5-d16/libc_nano.a(lib_a-writer.o)
 .ARM.attributes